{"__type":"$$EventMessageAudit","id":"2c4acf2e-eb64-4683-8f8c-5f7f4e6d924d","ts":"2026-08-09T11:09:07.566+00:00","eventName":"n8n.audit.workflow.created","message":"n8n.audit.workflow.created","payload":{"userId":"d3acad94-6273-4ce3-850b-4e77274af2b9","_email":"projectpfa@outlook.com","_firstName":"pfa","_lastName":"project","globalRole":"global:owner","workflowId":"2bEJ6vmroLK7xvKP","workflowName":"My workflow 2"}}
{"__type":"$$EventMessageConfirm","confirm":"2c4acf2e-eb64-4683-8f8c-5f7f4e6d924d","ts":"2026-08-09T11:09:07.567+00:00","source":{"id":"0","name":"eventBus"}}
{"__type":"$$EventMessageAudit","id":"7775004e-f247-4a45-8b9e-6b0bacea7d8e","ts":"2026-08-09T11:09:12.714+00:00","eventName":"n8n.audit.workflow.updated","message":"n8n.audit.workflow.updated","payload":{"userId":"d3acad94-6273-4ce3-850b-4e77274af2b9","_email":"projectpfa@outlook.com","_firstName":"pfa","_lastName":"project","globalRole":"global:owner","workflowId":"2bEJ6vmroLK7xvKP","workflowName":"My workflow 2"}}
{"__type":"$$EventMessageConfirm","confirm":"7775004e-f247-4a45-8b9e-6b0bacea7d8e","ts":"2026-08-09T11:09:12.714+00:00","source":{"id":"0","name":"eventBus"}}
{"__type":"$$EventMessageAudit","id":"8839679f-d790-435b-8dd0-439b36ca7a4b","ts":"2026-08-09T11:09:36.317+00:00","eventName":"n8n.audit.workflow.updated","message":"n8n.audit.workflow.updated","payload":{"userId":"d3acad94-6273-4ce3-850b-4e77274af2b9","_email":"projectpfa@outlook.com","_firstName":"pfa","_lastName":"project","globalRole":"global:owner","workflowId":"2bEJ6vmroLK7xvKP","workflowName":"My workflow 2"}}
{"__type":"$$EventMessageConfirm","confirm":"8839679f-d790-435b-8dd0-439b36ca7a4b","ts":"2026-08-09T11:09:36.317+00:00","source":{"id":"0","name":"eventBus"}}
{"__type":"$$EventMessageAudit","id":"f687d845-d51e-424b-b73c-57824f987103","ts":"2026-08-09T11:10:19.624+00:00","eventName":"n8n.audit.workflow.updated","message":"n8n.audit.workflow.updated","payload":{"userId":"d3acad94-6273-4ce3-850b-4e77274af2b9","_email":"projectpfa@outlook.com","_firstName":"pfa","_lastName":"project","globalRole":"global:owner","workflowId":"2bEJ6vmroLK7xvKP","workflowName":"My workflow 2"}}
{"__type":"$$EventMessageConfirm","confirm":"f687d845-d51e-424b-b73c-57824f987103","ts":"2026-08-09T11:10:19.624+00:00","source":{"id":"0","name":"eventBus"}}
{"__type":"$$EventMessageAudit","id":"125107bd-bd7a-43c7-9e8c-472646d162b8","ts":"2026-08-09T11:10:35.991+00:00","eventName":"n8n.audit.workflow.updated","message":"n8n.audit.workflow.updated","payload":{"userId":"d3acad94-6273-4ce3-850b-4e77274af2b9","_email":"projectpfa@outlook.com","_firstName":"pfa","_lastName":"project","globalRole":"global:owner","workflowId":"2bEJ6vmroLK7xvKP","workflowName":"My workflow 2"}}
{"__type":"$$EventMessageConfirm","confirm":"125107bd-bd7a-43c7-9e8c-472646d162b8","ts":"2026-08-09T11:10:35.992+00:00","source":{"id":"0","name":"eventBus"}}
{"__type":"$$EventMessageAudit","id":"76f6d193-761b-44f6-a5ed-61ca11f4fb9a","ts":"2026-08-09T11:10:50.054+00:00","eventName":"n8n.audit.workflow.updated","message":"n8n.audit.workflow.updated","payload":{"userId":"d3acad94-6273-4ce3-850b-4e77274af2b9","_email":"projectpfa@outlook.com","_firstName":"pfa","_lastName":"project","globalRole":"global:owner","workflowId":"2bEJ6vmroLK7xvKP","workflowName":"My workflow 2"}}
{"__type":"$$EventMessageConfirm","confirm":"76f6d193-761b-44f6-a5ed-61ca11f4fb9a","ts":"2026-08-09T11:10:50.055+00:00","source":{"id":"0","name":"eventBus"}}
{"__type":"$$EventMessageAudit","id":"7dd80989-55a6-465f-9593-683fb4588a8c","ts":"2026-08-09T11:11:05.831+00:00","eventName":"n8n.audit.workflow.updated","message":"n8n.audit.workflow.updated","payload":{"userId":"d3acad94-6273-4ce3-850b-4e77274af2b9","_email":"projectpfa@outlook.com","_firstName":"pfa","_lastName":"project","globalRole":"global:owner","workflowId":"2bEJ6vmroLK7xvKP","workflowName":"My workflow 2"}}
{"__type":"$$EventMessageConfirm","confirm":"7dd80989-55a6-465f-9593-683fb4588a8c","ts":"2026-08-09T11:11:05.831+00:00","source":{"id":"0","name":"eventBus"}}
{"__type":"$$EventMessageAudit","id":"8bed3133-8050-4752-8188-2b6cca3a013e","ts":"2026-08-09T11:11:17.870+00:00","eventName":"n8n.audit.workflow.updated","message":"n8n.audit.workflow.updated","payload":{"userId":"d3acad94-6273-4ce3-850b-4e77274af2b9","_email":"projectpfa@outlook.com","_firstName":"pfa","_lastName":"project","globalRole":"global:owner","workflowId":"2bEJ6vmroLK7xvKP","workflowName":"My workflow 2"}}
{"__type":"$$EventMessageConfirm","confirm":"8bed3133-8050-4752-8188-2b6cca3a013e","ts":"2026-08-09T11:11:17.870+00:00","source":{"id":"0","name":"eventBus"}}
{"__type":"$$EventMessageAudit","id":"6e71cda2-211c-402b-94f3-edec36a4f58a","ts":"2026-08-09T11:11:40.990+00:00","eventName":"n8n.audit.workflow.updated","message":"n8n.audit.workflow.updated","payload":{"userId":"d3acad94-6273-4ce3-850b-4e77274af2b9","_email":"projectpfa@outlook.com","_firstName":"pfa","_lastName":"project","globalRole":"global:owner","workflowId":"2bEJ6vmroLK7xvKP","workflowName":"My workflow 2"}}
{"__type":"$$EventMessageConfirm","confirm":"6e71cda2-211c-402b-94f3-edec36a4f58a","ts":"2026-08-09T11:11:40.990+00:00","source":{"id":"0","name":"eventBus"}}
{"__type":"$$EventMessageAudit","id":"08a19de7-cac7-4e5d-9ed5-4de7b7c85a50","ts":"2026-08-09T11:11:50.106+00:00","eventName":"n8n.audit.workflow.updated","message":"n8n.audit.workflow.updated","payload":{"userId":"d3acad94-6273-4ce3-850b-4e77274af2b9","_email":"projectpfa@outlook.com","_firstName":"pfa","_lastName":"project","globalRole":"global:owner","workflowId":"2bEJ6vmroLK7xvKP","workflowName":"My workflow 2"}}
{"__type":"$$EventMessageConfirm","confirm":"08a19de7-cac7-4e5d-9ed5-4de7b7c85a50","ts":"2026-08-09T11:11:50.106+00:00","source":{"id":"0","name":"eventBus"}}
{"__type":"$$EventMessageAudit","id":"520bad8b-9863-4321-a7bc-8f357c3cb1ef","ts":"2026-08-09T11:12:18.694+00:00","eventName":"n8n.audit.workflow.updated","message":"n8n.audit.workflow.updated","payload":{"userId":"d3acad94-6273-4ce3-850b-4e77274af2b9","_email":"projectpfa@outlook.com","_firstName":"pfa","_lastName":"project","globalRole":"global:owner","workflowId":"2bEJ6vmroLK7xvKP","workflowName":"My workflow 2"}}
{"__type":"$$EventMessageConfirm","confirm":"520bad8b-9863-4321-a7bc-8f357c3cb1ef","ts":"2026-08-09T11:12:18.695+00:00","source":{"id":"0","name":"eventBus"}}
{"__type":"$$EventMessageAudit","id":"6d3a083a-172e-4be8-9d9b-7758cac01183","ts":"2026-08-09T11:12:22.086+00:00","eventName":"n8n.audit.workflow.updated","message":"n8n.audit.workflow.updated","payload":{"userId":"d3acad94-6273-4ce3-850b-4e77274af2b9","_email":"projectpfa@outlook.com","_firstName":"pfa","_lastName":"project","globalRole":"global:owner","workflowId":"2bEJ6vmroLK7xvKP","workflowName":"My workflow 2"}}
{"__type":"$$EventMessageConfirm","confirm":"6d3a083a-172e-4be8-9d9b-7758cac01183","ts":"2026-08-09T11:12:22.086+00:00","source":{"id":"0","name":"eventBus"}}
{"__type":"$$EventMessageAudit","id":"bcc1b249-2342-4b30-bedf-4a3319a435eb","ts":"2026-08-09T11:12:47.740+00:00","eventName":"n8n.audit.workflow.updated","message":"n8n.audit.workflow.updated","payload":{"userId":"d3acad94-6273-4ce3-850b-4e77274af2b9","_email":"projectpfa@outlook.com","_firstName":"pfa","_lastName":"project","globalRole":"global:owner","workflowId":"2bEJ6vmroLK7xvKP","workflowName":"My workflow 2"}}
{"__type":"$$EventMessageConfirm","confirm":"bcc1b249-2342-4b30-bedf-4a3319a435eb","ts":"2026-08-09T11:12:47.740+00:00","source":{"id":"0","name":"eventBus"}}
{"__type":"$$EventMessageAudit","id":"31940ae9-06d8-4432-bb9a-6a119f9d618b","ts":"2026-08-09T11:12:54.869+00:00","eventName":"n8n.audit.workflow.updated","message":"n8n.audit.workflow.updated","payload":{"userId":"d3acad94-6273-4ce3-850b-4e77274af2b9","_email":"projectpfa@outlook.com","_firstName":"pfa","_lastName":"project","globalRole":"global:owner","workflowId":"2bEJ6vmroLK7xvKP","workflowName":"My workflow 2"}}
{"__type":"$$EventMessageConfirm","confirm":"31940ae9-06d8-4432-bb9a-6a119f9d618b","ts":"2026-08-09T11:12:54.869+00:00","source":{"id":"0","name":"eventBus"}}
{"__type":"$$EventMessageAudit","id":"9fa9c74d-c69f-42b1-a817-85dc1e378735","ts":"2026-08-09T11:13:09.585+00:00","eventName":"n8n.audit.workflow.updated","message":"n8n.audit.workflow.updated","payload":{"userId":"d3acad94-6273-4ce3-850b-4e77274af2b9","_email":"projectpfa@outlook.com","_firstName":"pfa","_lastName":"project","globalRole":"global:owner","workflowId":"2bEJ6vmroLK7xvKP","workflowName":"My workflow 2"}}
{"__type":"$$EventMessageConfirm","confirm":"9fa9c74d-c69f-42b1-a817-85dc1e378735","ts":"2026-08-09T11:13:09.585+00:00","source":{"id":"0","name":"eventBus"}}
{"__type":"$$EventMessageAudit","id":"6f739cf5-3403-4383-b348-9113419926f3","ts":"2026-08-09T11:15:02.715+00:00","eventName":"n8n.audit.workflow.updated","message":"n8n.audit.workflow.updated","payload":{"userId":"d3acad94-6273-4ce3-850b-4e77274af2b9","_email":"projectpfa@outlook.com","_firstName":"pfa","_lastName":"project","globalRole":"global:owner","workflowId":"2bEJ6vmroLK7xvKP","workflowName":"My workflow 2"}}
{"__type":"$$EventMessageConfirm","confirm":"6f739cf5-3403-4383-b348-9113419926f3","ts":"2026-08-09T11:15:02.715+00:00","source":{"id":"0","name":"eventBus"}}
{"__type":"$$EventMessageAudit","id":"38763ce2-7b09-4bf7-b550-3caf72ecb012","ts":"2026-08-09T11:15:12.185+00:00","eventName":"n8n.audit.workflow.updated","message":"n8n.audit.workflow.updated","payload":{"userId":"d3acad94-6273-4ce3-850b-4e77274af2b9","_email":"projectpfa@outlook.com","_firstName":"pfa","_lastName":"project","globalRole":"global:owner","workflowId":"2bEJ6vmroLK7xvKP","workflowName":"My workflow 2"}}
{"__type":"$$EventMessageConfirm","confirm":"38763ce2-7b09-4bf7-b550-3caf72ecb012","ts":"2026-08-09T11:15:12.185+00:00","source":{"id":"0","name":"eventBus"}}
{"__type":"$$EventMessageAudit","id":"d2fe3284-8f0f-4057-925a-2bc0629b501a","ts":"2026-08-09T11:15:22.076+00:00","eventName":"n8n.audit.workflow.updated","message":"n8n.audit.workflow.updated","payload":{"userId":"d3acad94-6273-4ce3-850b-4e77274af2b9","_email":"projectpfa@outlook.com","_firstName":"pfa","_lastName":"project","globalRole":"global:owner","workflowId":"2bEJ6vmroLK7xvKP","workflowName":"My workflow 2"}}
{"__type":"$$EventMessageConfirm","confirm":"d2fe3284-8f0f-4057-925a-2bc0629b501a","ts":"2026-08-09T11:15:22.076+00:00","source":{"id":"0","name":"eventBus"}}
{"__type":"$$EventMessageAudit","id":"b9d20e82-4a3a-4c35-9bd4-3aef9fa703b2","ts":"2026-08-09T11:16:21.180+00:00","eventName":"n8n.audit.workflow.updated","message":"n8n.audit.workflow.updated","payload":{"userId":"d3acad94-6273-4ce3-850b-4e77274af2b9","_email":"projectpfa@outlook.com","_firstName":"pfa","_lastName":"project","globalRole":"global:owner","workflowId":"2bEJ6vmroLK7xvKP","workflowName":"My workflow 2"}}
{"__type":"$$EventMessageConfirm","confirm":"b9d20e82-4a3a-4c35-9bd4-3aef9fa703b2","ts":"2026-08-09T11:16:21.180+00:00","source":{"id":"0","name":"eventBus"}}
{"__type":"$$EventMessageAudit","id":"a8094f5f-8584-459c-a03c-46878572d1e1","ts":"2026-08-09T11:16:25.602+00:00","eventName":"n8n.audit.workflow.updated","message":"n8n.audit.workflow.updated","payload":{"userId":"d3acad94-6273-4ce3-850b-4e77274af2b9","_email":"projectpfa@outlook.com","_firstName":"pfa","_lastName":"project","globalRole":"global:owner","workflowId":"2bEJ6vmroLK7xvKP","workflowName":"My workflow 2"}}
{"__type":"$$EventMessageConfirm","confirm":"a8094f5f-8584-459c-a03c-46878572d1e1","ts":"2026-08-09T11:16:25.602+00:00","source":{"id":"0","name":"eventBus"}}
{"__type":"$$EventMessageAudit","id":"402c17c0-b732-4bc2-a1de-579bfac79a3c","ts":"2026-08-09T11:17:18.983+00:00","eventName":"n8n.audit.user.credentials.updated","message":"n8n.audit.user.credentials.updated","payload":{"userId":"d3acad94-6273-4ce3-850b-4e77274af2b9","_email":"projectpfa@outlook.com","_firstName":"pfa","_lastName":"project","globalRole":"global:owner","credentialType":"httpBasicAuth","credentialId":"TGeTYuVuka3zl0CB","isDynamic":false,"usesExternalSecrets":false,"jweEnabled":false,"supportsManagedAuth":false,"usesManagedAuth":false}}
{"__type":"$$EventMessageConfirm","confirm":"402c17c0-b732-4bc2-a1de-579bfac79a3c","ts":"2026-08-09T11:17:18.983+00:00","source":{"id":"0","name":"eventBus"}}
{"__type":"$$EventMessageAudit","id":"b0df39a7-ae22-431c-b134-ba89b3a82860","ts":"2026-08-09T11:17:47.972+00:00","eventName":"n8n.audit.workflow.updated","message":"n8n.audit.workflow.updated","payload":{"userId":"d3acad94-6273-4ce3-850b-4e77274af2b9","_email":"projectpfa@outlook.com","_firstName":"pfa","_lastName":"project","globalRole":"global:owner","workflowId":"2bEJ6vmroLK7xvKP","workflowName":"My workflow 2"}}
{"__type":"$$EventMessageConfirm","confirm":"b0df39a7-ae22-431c-b134-ba89b3a82860","ts":"2026-08-09T11:17:47.972+00:00","source":{"id":"0","name":"eventBus"}}
{"__type":"$$EventMessageAudit","id":"ebd5e712-0103-49e1-9760-6f6471ada558","ts":"2026-08-09T11:17:50.674+00:00","eventName":"n8n.audit.workflow.updated","message":"n8n.audit.workflow.updated","payload":{"userId":"d3acad94-6273-4ce3-850b-4e77274af2b9","_email":"projectpfa@outlook.com","_firstName":"pfa","_lastName":"project","globalRole":"global:owner","workflowId":"2bEJ6vmroLK7xvKP","workflowName":"My workflow 2"}}
{"__type":"$$EventMessageConfirm","confirm":"ebd5e712-0103-49e1-9760-6f6471ada558","ts":"2026-08-09T11:17:50.675+00:00","source":{"id":"0","name":"eventBus"}}
{"__type":"$$EventMessageAudit","id":"a1f0c39a-2f35-4f7e-aa9a-a228069fb1f9","ts":"2026-08-09T11:18:33.718+00:00","eventName":"n8n.audit.workflow.updated","message":"n8n.audit.workflow.updated","payload":{"userId":"d3acad94-6273-4ce3-850b-4e77274af2b9","_email":"projectpfa@outlook.com","_firstName":"pfa","_lastName":"project","globalRole":"global:owner","workflowId":"2bEJ6vmroLK7xvKP","workflowName":"My workflow 2"}}
{"__type":"$$EventMessageConfirm","confirm":"a1f0c39a-2f35-4f7e-aa9a-a228069fb1f9","ts":"2026-08-09T11:18:33.718+00:00","source":{"id":"0","name":"eventBus"}}
{"__type":"$$EventMessageAudit","id":"ac3aec4b-861d-44a4-a437-7a22d910cec6","ts":"2026-08-09T11:18:47.398+00:00","eventName":"n8n.audit.workflow.updated","message":"n8n.audit.workflow.updated","payload":{"userId":"d3acad94-6273-4ce3-850b-4e77274af2b9","_email":"projectpfa@outlook.com","_firstName":"pfa","_lastName":"project","globalRole":"global:owner","workflowId":"2bEJ6vmroLK7xvKP","workflowName":"My workflow 2"}}
{"__type":"$$EventMessageConfirm","confirm":"ac3aec4b-861d-44a4-a437-7a22d910cec6","ts":"2026-08-09T11:18:47.398+00:00","source":{"id":"0","name":"eventBus"}}
{"__type":"$$EventMessageAudit","id":"11ed1747-ec47-41d4-9b23-6f961c1ce054","ts":"2026-08-09T11:18:49.781+00:00","eventName":"n8n.audit.workflow.updated","message":"n8n.audit.workflow.updated","payload":{"userId":"d3acad94-6273-4ce3-850b-4e77274af2b9","_email":"projectpfa@outlook.com","_firstName":"pfa","_lastName":"project","globalRole":"global:owner","workflowId":"2bEJ6vmroLK7xvKP","workflowName":"My workflow 2"}}
{"__type":"$$EventMessageConfirm","confirm":"11ed1747-ec47-41d4-9b23-6f961c1ce054","ts":"2026-08-09T11:18:49.781+00:00","source":{"id":"0","name":"eventBus"}}
{"__type":"$$EventMessageAudit","id":"f1fb45a5-bfa5-4bb3-97ce-1aec84e659fd","ts":"2026-08-09T11:19:27.101+00:00","eventName":"n8n.audit.workflow.updated","message":"n8n.audit.workflow.updated","payload":{"userId":"d3acad94-6273-4ce3-850b-4e77274af2b9","_email":"projectpfa@outlook.com","_firstName":"pfa","_lastName":"project","globalRole":"global:owner","workflowId":"2bEJ6vmroLK7xvKP","workflowName":"My workflow 2"}}
{"__type":"$$EventMessageConfirm","confirm":"f1fb45a5-bfa5-4bb3-97ce-1aec84e659fd","ts":"2026-08-09T11:19:27.101+00:00","source":{"id":"0","name":"eventBus"}}
{"__type":"$$EventMessageAudit","id":"06a87a49-cca3-4c59-89a8-98715fdfea1e","ts":"2026-08-09T11:19:31.820+00:00","eventName":"n8n.audit.workflow.updated","message":"n8n.audit.workflow.updated","payload":{"userId":"d3acad94-6273-4ce3-850b-4e77274af2b9","_email":"projectpfa@outlook.com","_firstName":"pfa","_lastName":"project","globalRole":"global:owner","workflowId":"2bEJ6vmroLK7xvKP","workflowName":"My workflow 2"}}
{"__type":"$$EventMessageConfirm","confirm":"06a87a49-cca3-4c59-89a8-98715fdfea1e","ts":"2026-08-09T11:19:31.820+00:00","source":{"id":"0","name":"eventBus"}}
{"__type":"$$EventMessageAudit","id":"69cda78a-964b-4cdd-9d53-91dc51405f92","ts":"2026-08-09T11:19:46.496+00:00","eventName":"n8n.audit.workflow.updated","message":"n8n.audit.workflow.updated","payload":{"userId":"d3acad94-6273-4ce3-850b-4e77274af2b9","_email":"projectpfa@outlook.com","_firstName":"pfa","_lastName":"project","globalRole":"global:owner","workflowId":"2bEJ6vmroLK7xvKP","workflowName":"My workflow 2"}}
{"__type":"$$EventMessageConfirm","confirm":"69cda78a-964b-4cdd-9d53-91dc51405f92","ts":"2026-08-09T11:19:46.496+00:00","source":{"id":"0","name":"eventBus"}}
{"__type":"$$EventMessageAudit","id":"89dcdaad-064a-4cce-b2e7-7eceb48e4a31","ts":"2026-08-09T11:19:48.842+00:00","eventName":"n8n.audit.workflow.updated","message":"n8n.audit.workflow.updated","payload":{"userId":"d3acad94-6273-4ce3-850b-4e77274af2b9","_email":"projectpfa@outlook.com","_firstName":"pfa","_lastName":"project","globalRole":"global:owner","workflowId":"2bEJ6vmroLK7xvKP","workflowName":"My workflow 2"}}
{"__type":"$$EventMessageConfirm","confirm":"89dcdaad-064a-4cce-b2e7-7eceb48e4a31","ts":"2026-08-09T11:19:48.842+00:00","source":{"id":"0","name":"eventBus"}}
{"__type":"$$EventMessageAudit","id":"28a2d539-666a-4482-a36a-389d7cc6ff17","ts":"2026-08-09T11:19:50.561+00:00","eventName":"n8n.audit.workflow.updated","message":"n8n.audit.workflow.updated","payload":{"userId":"d3acad94-6273-4ce3-850b-4e77274af2b9","_email":"projectpfa@outlook.com","_firstName":"pfa","_lastName":"project","globalRole":"global:owner","workflowId":"2bEJ6vmroLK7xvKP","workflowName":"My workflow 2"}}
{"__type":"$$EventMessageConfirm","confirm":"28a2d539-666a-4482-a36a-389d7cc6ff17","ts":"2026-08-09T11:19:50.561+00:00","source":{"id":"0","name":"eventBus"}}
{"__type":"$$EventMessageAudit","id":"924040be-c850-49ad-8201-805e5fefc4b8","ts":"2026-08-09T11:20:02.876+00:00","eventName":"n8n.audit.workflow.updated","message":"n8n.audit.workflow.updated","payload":{"userId":"d3acad94-6273-4ce3-850b-4e77274af2b9","_email":"projectpfa@outlook.com","_firstName":"pfa","_lastName":"project","globalRole":"global:owner","workflowId":"2bEJ6vmroLK7xvKP","workflowName":"My workflow 2"}}
{"__type":"$$EventMessageConfirm","confirm":"924040be-c850-49ad-8201-805e5fefc4b8","ts":"2026-08-09T11:20:02.876+00:00","source":{"id":"0","name":"eventBus"}}
{"__type":"$$EventMessageAudit","id":"a4f4db8f-b288-4711-8c61-4c5b8bc96a05","ts":"2026-08-09T11:23:25.851+00:00","eventName":"n8n.audit.workflow.updated","message":"n8n.audit.workflow.updated","payload":{"userId":"d3acad94-6273-4ce3-850b-4e77274af2b9","_email":"projectpfa@outlook.com","_firstName":"pfa","_lastName":"project","globalRole":"global:owner","workflowId":"2bEJ6vmroLK7xvKP","workflowName":"My workflow 2"}}
{"__type":"$$EventMessageConfirm","confirm":"a4f4db8f-b288-4711-8c61-4c5b8bc96a05","ts":"2026-08-09T11:23:25.851+00:00","source":{"id":"0","name":"eventBus"}}
{"__type":"$$EventMessageAudit","id":"bce7c575-ac5d-4e61-9939-32b7c43909b4","ts":"2026-08-09T11:23:48.832+00:00","eventName":"n8n.audit.workflow.updated","message":"n8n.audit.workflow.updated","payload":{"userId":"d3acad94-6273-4ce3-850b-4e77274af2b9","_email":"projectpfa@outlook.com","_firstName":"pfa","_lastName":"project","globalRole":"global:owner","workflowId":"2bEJ6vmroLK7xvKP","workflowName":"My workflow 2"}}
{"__type":"$$EventMessageConfirm","confirm":"bce7c575-ac5d-4e61-9939-32b7c43909b4","ts":"2026-08-09T11:23:48.832+00:00","source":{"id":"0","name":"eventBus"}}
{"__type":"$$EventMessageAudit","id":"3949e1af-5d7e-44ff-80a4-22f5aea22941","ts":"2026-08-09T12:48:03.770+01:00","eventName":"n8n.audit.workflow.updated","message":"n8n.audit.workflow.updated","payload":{"userId":"d3acad94-6273-4ce3-850b-4e77274af2b9","_email":"projectpfa@outlook.com","_firstName":"pfa","_lastName":"project","globalRole":"global:owner","workflowId":"2bEJ6vmroLK7xvKP","workflowName":"My workflow 2"}}
{"__type":"$$EventMessageConfirm","confirm":"3949e1af-5d7e-44ff-80a4-22f5aea22941","ts":"2026-08-09T12:48:03.771+01:00","source":{"id":"0","name":"eventBus"}}
{"__type":"$$EventMessageAudit","id":"9632e4dd-429a-45b4-a83d-564d7019173d","ts":"2026-08-09T12:48:40.807+01:00","eventName":"n8n.audit.user.credentials.updated","message":"n8n.audit.user.credentials.updated","payload":{"userId":"d3acad94-6273-4ce3-850b-4e77274af2b9","_email":"projectpfa@outlook.com","_firstName":"pfa","_lastName":"project","globalRole":"global:owner","credentialType":"httpBasicAuth","credentialId":"TGeTYuVuka3zl0CB","isDynamic":false,"usesExternalSecrets":false,"jweEnabled":false,"supportsManagedAuth":false,"usesManagedAuth":false}}
{"__type":"$$EventMessageConfirm","confirm":"9632e4dd-429a-45b4-a83d-564d7019173d","ts":"2026-08-09T12:48:40.808+01:00","source":{"id":"0","name":"eventBus"}}
{"__type":"$$EventMessageAudit","id":"be65faff-5959-4e68-9017-f06eaddd7093","ts":"2026-08-09T13:07:47.125+01:00","eventName":"n8n.audit.workflow.updated","message":"n8n.audit.workflow.updated","payload":{"userId":"d3acad94-6273-4ce3-850b-4e77274af2b9","_email":"projectpfa@outlook.com","_firstName":"pfa","_lastName":"project","globalRole":"global:owner","workflowId":"2bEJ6vmroLK7xvKP","workflowName":"My workflow 2"}}
{"__type":"$$EventMessageConfirm","confirm":"be65faff-5959-4e68-9017-f06eaddd7093","ts":"2026-08-09T13:07:47.125+01:00","source":{"id":"0","name":"eventBus"}}
{"__type":"$$EventMessageAudit","id":"8bca2623-4b04-4603-b23e-a0867564fa4e","ts":"2026-08-09T13:11:28.340+01:00","eventName":"n8n.audit.workflow.executed","message":"n8n.audit.workflow.executed","payload":{"workflowId":"2bEJ6vmroLK7xvKP","workflowName":"My workflow 2","executionId":"5","projectId":"yWzGWdmA1ops1F0n","projectName":"pfa project <projectpfa@outlook.com>","source":"webhook"}}
{"__type":"$$EventMessageConfirm","confirm":"8bca2623-4b04-4603-b23e-a0867564fa4e","ts":"2026-08-09T13:11:28.340+01:00","source":{"id":"0","name":"eventBus"}}
{"__type":"$$EventMessageWorkflow","id":"302c47a2-b255-44d0-9af3-d3202361c89f","ts":"2026-08-09T13:11:28.341+01:00","eventName":"n8n.workflow.started","message":"n8n.workflow.started","payload":{"executionId":"5","workflowId":"2bEJ6vmroLK7xvKP","isManual":false,"mode":"manual","workflowName":"My workflow 2","projectId":"yWzGWdmA1ops1F0n","projectName":"pfa project <projectpfa@outlook.com>"}}
{"__type":"$$EventMessageConfirm","confirm":"302c47a2-b255-44d0-9af3-d3202361c89f","ts":"2026-08-09T13:11:28.341+01:00","source":{"id":"0","name":"eventBus"}}
{"__type":"$$EventMessageNode","id":"4884c213-648d-42be-94ea-13d825e5d5c4","ts":"2026-08-09T13:11:28.359+01:00","eventName":"n8n.node.started","message":"n8n.node.started","payload":{"workflowId":"2bEJ6vmroLK7xvKP","workflowName":"My workflow 2","executionId":"5","nodeType":"n8n-nodes-base.webhook","nodeName":"Webhook","nodeId":"8d813b7a-8893-46b2-b4d8-c3c5b5af070b"}}
{"__type":"$$EventMessageConfirm","confirm":"4884c213-648d-42be-94ea-13d825e5d5c4","ts":"2026-08-09T13:11:28.359+01:00","source":{"id":"0","name":"eventBus"}}
{"__type":"$$EventMessageNode","id":"58b209ea-95e4-47d7-aeb9-aa162e7e6081","ts":"2026-08-09T13:11:28.363+01:00","eventName":"n8n.node.finished","message":"n8n.node.finished","payload":{"workflowId":"2bEJ6vmroLK7xvKP","workflowName":"My workflow 2","executionId":"5","nodeType":"n8n-nodes-base.webhook","nodeName":"Webhook","nodeId":"8d813b7a-8893-46b2-b4d8-c3c5b5af070b"}}
{"__type":"$$EventMessageConfirm","confirm":"58b209ea-95e4-47d7-aeb9-aa162e7e6081","ts":"2026-08-09T13:11:28.363+01:00","source":{"id":"0","name":"eventBus"}}
{"__type":"$$EventMessageNode","id":"70478e90-5ca5-4c95-9b8c-8f462b51a346","ts":"2026-08-09T13:11:28.366+01:00","eventName":"n8n.node.started","message":"n8n.node.started","payload":{"workflowId":"2bEJ6vmroLK7xvKP","workflowName":"My workflow 2","executionId":"5","nodeType":"n8n-nodes-base.httpRequest","nodeName":"Déclencher Build Jenkins","nodeId":"f3538e21-5e4b-40b4-9a2a-b9f312ef0711"}}
{"__type":"$$EventMessageConfirm","confirm":"70478e90-5ca5-4c95-9b8c-8f462b51a346","ts":"2026-08-09T13:11:28.366+01:00","source":{"id":"0","name":"eventBus"}}
{"__type":"$$EventMessageNode","id":"c1535934-867f-44ef-ad66-5114a9776068","ts":"2026-08-09T13:11:23.638+01:00","eventName":"n8n.node.finished","message":"n8n.node.finished","payload":{"workflowId":"2bEJ6vmroLK7xvKP","workflowName":"My workflow 2","executionId":"5","nodeType":"n8n-nodes-base.httpRequest","nodeName":"Déclencher Build Jenkins","nodeId":"f3538e21-5e4b-40b4-9a2a-b9f312ef0711"}}
{"__type":"$$EventMessageConfirm","confirm":"c1535934-867f-44ef-ad66-5114a9776068","ts":"2026-08-09T13:11:23.639+01:00","source":{"id":"0","name":"eventBus"}}
{"__type":"$$EventMessageNode","id":"3a09dcd2-a44d-4c10-b993-fd0763df0aa1","ts":"2026-08-09T13:11:23.640+01:00","eventName":"n8n.node.started","message":"n8n.node.started","payload":{"workflowId":"2bEJ6vmroLK7xvKP","workflowName":"My workflow 2","executionId":"5","nodeType":"n8n-nodes-base.wait","nodeName":"Attendre Fin Build","nodeId":"ca57c0e6-88f3-4d6c-9157-da0b1115b986"}}
{"__type":"$$EventMessageConfirm","confirm":"3a09dcd2-a44d-4c10-b993-fd0763df0aa1","ts":"2026-08-09T13:11:23.640+01:00","source":{"id":"0","name":"eventBus"}}
{"__type":"$$EventMessageNode","id":"822d86a6-c54c-46fc-ad86-7498e65a2094","ts":"2026-08-09T13:11:52.548+01:00","eventName":"n8n.node.finished","message":"n8n.node.finished","payload":{"workflowId":"2bEJ6vmroLK7xvKP","workflowName":"My workflow 2","executionId":"5","nodeType":"n8n-nodes-base.wait","nodeName":"Attendre Fin Build","nodeId":"ca57c0e6-88f3-4d6c-9157-da0b1115b986"}}
{"__type":"$$EventMessageConfirm","confirm":"822d86a6-c54c-46fc-ad86-7498e65a2094","ts":"2026-08-09T13:11:52.549+01:00","source":{"id":"0","name":"eventBus"}}
{"__type":"$$EventMessageNode","id":"9330bb81-e90b-49c0-8c5b-dcfaa5cf9345","ts":"2026-08-09T13:11:52.551+01:00","eventName":"n8n.node.started","message":"n8n.node.started","payload":{"workflowId":"2bEJ6vmroLK7xvKP","workflowName":"My workflow 2","executionId":"5","nodeType":"n8n-nodes-base.httpRequest","nodeName":"Vérifier Statut Jenkins","nodeId":"b6f05c5f-fbb1-455d-92f1-88956efa5043"}}
{"__type":"$$EventMessageConfirm","confirm":"9330bb81-e90b-49c0-8c5b-dcfaa5cf9345","ts":"2026-08-09T13:11:52.551+01:00","source":{"id":"0","name":"eventBus"}}
{"__type":"$$EventMessageNode","id":"5ae5f0b2-8787-4273-9a78-0df643676dbe","ts":"2026-08-09T13:11:52.611+01:00","eventName":"n8n.node.finished","message":"n8n.node.finished","payload":{"workflowId":"2bEJ6vmroLK7xvKP","workflowName":"My workflow 2","executionId":"5","nodeType":"n8n-nodes-base.httpRequest","nodeName":"Vérifier Statut Jenkins","nodeId":"b6f05c5f-fbb1-455d-92f1-88956efa5043"}}
{"__type":"$$EventMessageConfirm","confirm":"5ae5f0b2-8787-4273-9a78-0df643676dbe","ts":"2026-08-09T13:11:52.611+01:00","source":{"id":"0","name":"eventBus"}}
{"__type":"$$EventMessageNode","id":"9c335b13-6aea-4808-8095-bf9a5a10afe3","ts":"2026-08-09T13:11:52.612+01:00","eventName":"n8n.node.started","message":"n8n.node.started","payload":{"workflowId":"2bEJ6vmroLK7xvKP","workflowName":"My workflow 2","executionId":"5","nodeType":"n8n-nodes-base.if","nodeName":"Build Reussi ?","nodeId":"c1b6d835-74e7-49a7-bead-ccad294cf185"}}
{"__type":"$$EventMessageConfirm","confirm":"9c335b13-6aea-4808-8095-bf9a5a10afe3","ts":"2026-08-09T13:11:52.612+01:00","source":{"id":"0","name":"eventBus"}}
{"__type":"$$EventMessageNode","id":"a87ee3af-623e-4cc0-8677-a37068bc84ab","ts":"2026-08-09T13:11:52.624+01:00","eventName":"n8n.node.finished","message":"n8n.node.finished","payload":{"workflowId":"2bEJ6vmroLK7xvKP","workflowName":"My workflow 2","executionId":"5","nodeType":"n8n-nodes-base.if","nodeName":"Build Reussi ?","nodeId":"c1b6d835-74e7-49a7-bead-ccad294cf185"}}
{"__type":"$$EventMessageConfirm","confirm":"a87ee3af-623e-4cc0-8677-a37068bc84ab","ts":"2026-08-09T13:11:52.624+01:00","source":{"id":"0","name":"eventBus"}}
{"__type":"$$EventMessageWorkflow","id":"2bcb1cf8-5236-40c7-8f2d-d13be9a5ba55","ts":"2026-08-09T13:11:52.628+01:00","eventName":"n8n.workflow.success","message":"n8n.workflow.success","payload":{"userId":"d3acad94-6273-4ce3-850b-4e77274af2b9","executionId":"5","success":true,"isManual":true,"mode":"manual","workflowId":"2bEJ6vmroLK7xvKP","workflowName":"My workflow 2","projectId":"yWzGWdmA1ops1F0n","projectName":"pfa project <projectpfa@outlook.com>"}}
{"__type":"$$EventMessageConfirm","confirm":"2bcb1cf8-5236-40c7-8f2d-d13be9a5ba55","ts":"2026-08-09T13:11:52.628+01:00","source":{"id":"0","name":"eventBus"}}
{"__type":"$$EventMessageAudit","id":"2182e87b-2e8f-4d01-9512-1731c57c3d81","ts":"2026-08-09T13:12:21.950+01:00","eventName":"n8n.audit.workflow.executed","message":"n8n.audit.workflow.executed","payload":{"workflowId":"2bEJ6vmroLK7xvKP","workflowName":"My workflow 2","executionId":"6","projectId":"yWzGWdmA1ops1F0n","projectName":"pfa project <projectpfa@outlook.com>","source":"webhook"}}
{"__type":"$$EventMessageConfirm","confirm":"2182e87b-2e8f-4d01-9512-1731c57c3d81","ts":"2026-08-09T13:12:21.951+01:00","source":{"id":"0","name":"eventBus"}}
{"__type":"$$EventMessageWorkflow","id":"2c7dc1a4-1adc-4cf0-9049-dcbca7e61435","ts":"2026-08-09T13:12:21.951+01:00","eventName":"n8n.workflow.started","message":"n8n.workflow.started","payload":{"executionId":"6","workflowId":"2bEJ6vmroLK7xvKP","isManual":false,"mode":"manual","workflowName":"My workflow 2","projectId":"yWzGWdmA1ops1F0n","projectName":"pfa project <projectpfa@outlook.com>"}}
{"__type":"$$EventMessageConfirm","confirm":"2c7dc1a4-1adc-4cf0-9049-dcbca7e61435","ts":"2026-08-09T13:12:21.951+01:00","source":{"id":"0","name":"eventBus"}}
{"__type":"$$EventMessageNode","id":"7c23278e-8754-4832-bdab-17eb055d6351","ts":"2026-08-09T13:12:21.965+01:00","eventName":"n8n.node.started","message":"n8n.node.started","payload":{"workflowId":"2bEJ6vmroLK7xvKP","workflowName":"My workflow 2","executionId":"6","nodeType":"n8n-nodes-base.webhook","nodeName":"Webhook","nodeId":"8d813b7a-8893-46b2-b4d8-c3c5b5af070b"}}
{"__type":"$$EventMessageConfirm","confirm":"7c23278e-8754-4832-bdab-17eb055d6351","ts":"2026-08-09T13:12:21.965+01:00","source":{"id":"0","name":"eventBus"}}
{"__type":"$$EventMessageNode","id":"42b7fb03-4cb3-4373-a06b-209654da7b46","ts":"2026-08-09T13:12:21.965+01:00","eventName":"n8n.node.finished","message":"n8n.node.finished","payload":{"workflowId":"2bEJ6vmroLK7xvKP","workflowName":"My workflow 2","executionId":"6","nodeType":"n8n-nodes-base.webhook","nodeName":"Webhook","nodeId":"8d813b7a-8893-46b2-b4d8-c3c5b5af070b"}}
{"__type":"$$EventMessageConfirm","confirm":"42b7fb03-4cb3-4373-a06b-209654da7b46","ts":"2026-08-09T13:12:21.965+01:00","source":{"id":"0","name":"eventBus"}}
{"__type":"$$EventMessageNode","id":"f09e57bc-92ba-436f-be18-c22ac0446c6b","ts":"2026-08-09T13:12:21.966+01:00","eventName":"n8n.node.started","message":"n8n.node.started","payload":{"workflowId":"2bEJ6vmroLK7xvKP","workflowName":"My workflow 2","executionId":"6","nodeType":"n8n-nodes-base.httpRequest","nodeName":"Déclencher Build Jenkins","nodeId":"f3538e21-5e4b-40b4-9a2a-b9f312ef0711"}}
{"__type":"$$EventMessageConfirm","confirm":"f09e57bc-92ba-436f-be18-c22ac0446c6b","ts":"2026-08-09T13:12:21.966+01:00","source":{"id":"0","name":"eventBus"}}
{"__type":"$$EventMessageNode","id":"2d03554e-3d3e-4cf8-ada5-6b03b93ca676","ts":"2026-08-09T13:12:21.989+01:00","eventName":"n8n.node.finished","message":"n8n.node.finished","payload":{"workflowId":"2bEJ6vmroLK7xvKP","workflowName":"My workflow 2","executionId":"6","nodeType":"n8n-nodes-base.httpRequest","nodeName":"Déclencher Build Jenkins","nodeId":"f3538e21-5e4b-40b4-9a2a-b9f312ef0711"}}
{"__type":"$$EventMessageConfirm","confirm":"2d03554e-3d3e-4cf8-ada5-6b03b93ca676","ts":"2026-08-09T13:12:21.989+01:00","source":{"id":"0","name":"eventBus"}}
{"__type":"$$EventMessageNode","id":"7a59e961-2626-48bb-993e-06d4b5bc3a33","ts":"2026-08-09T13:12:21.990+01:00","eventName":"n8n.node.started","message":"n8n.node.started","payload":{"workflowId":"2bEJ6vmroLK7xvKP","workflowName":"My workflow 2","executionId":"6","nodeType":"n8n-nodes-base.wait","nodeName":"Attendre Fin Build","nodeId":"ca57c0e6-88f3-4d6c-9157-da0b1115b986"}}
{"__type":"$$EventMessageConfirm","confirm":"7a59e961-2626-48bb-993e-06d4b5bc3a33","ts":"2026-08-09T13:12:21.990+01:00","source":{"id":"0","name":"eventBus"}}
{"__type":"$$EventMessageNode","id":"ba947298-711f-4d1a-9c46-332dc13b16d8","ts":"2026-08-09T13:12:55.666+01:00","eventName":"n8n.node.finished","message":"n8n.node.finished","payload":{"workflowId":"2bEJ6vmroLK7xvKP","workflowName":"My workflow 2","executionId":"6","nodeType":"n8n-nodes-base.wait","nodeName":"Attendre Fin Build","nodeId":"ca57c0e6-88f3-4d6c-9157-da0b1115b986"}}
{"__type":"$$EventMessageConfirm","confirm":"ba947298-711f-4d1a-9c46-332dc13b16d8","ts":"2026-08-09T13:12:55.667+01:00","source":{"id":"0","name":"eventBus"}}
{"__type":"$$EventMessageNode","id":"6ad3b8b3-3b64-4a76-87da-9ee33666c031","ts":"2026-08-09T13:12:55.667+01:00","eventName":"n8n.node.started","message":"n8n.node.started","payload":{"workflowId":"2bEJ6vmroLK7xvKP","workflowName":"My workflow 2","executionId":"6","nodeType":"n8n-nodes-base.httpRequest","nodeName":"Vérifier Statut Jenkins","nodeId":"b6f05c5f-fbb1-455d-92f1-88956efa5043"}}
{"__type":"$$EventMessageConfirm","confirm":"6ad3b8b3-3b64-4a76-87da-9ee33666c031","ts":"2026-08-09T13:12:55.668+01:00","source":{"id":"0","name":"eventBus"}}
{"__type":"$$EventMessageNode","id":"b47deaa6-275b-4191-a97d-ac40492b88ed","ts":"2026-08-09T13:12:55.699+01:00","eventName":"n8n.node.finished","message":"n8n.node.finished","payload":{"workflowId":"2bEJ6vmroLK7xvKP","workflowName":"My workflow 2","executionId":"6","nodeType":"n8n-nodes-base.httpRequest","nodeName":"Vérifier Statut Jenkins","nodeId":"b6f05c5f-fbb1-455d-92f1-88956efa5043"}}
{"__type":"$$EventMessageConfirm","confirm":"b47deaa6-275b-4191-a97d-ac40492b88ed","ts":"2026-08-09T13:12:55.699+01:00","source":{"id":"0","name":"eventBus"}}
{"__type":"$$EventMessageNode","id":"03e08378-ea07-4a80-8101-fe1ec00cef03","ts":"2026-08-09T13:12:55.700+01:00","eventName":"n8n.node.started","message":"n8n.node.started","payload":{"workflowId":"2bEJ6vmroLK7xvKP","workflowName":"My workflow 2","executionId":"6","nodeType":"n8n-nodes-base.if","nodeName":"Build Reussi ?","nodeId":"c1b6d835-74e7-49a7-bead-ccad294cf185"}}
{"__type":"$$EventMessageConfirm","confirm":"03e08378-ea07-4a80-8101-fe1ec00cef03","ts":"2026-08-09T13:12:55.700+01:00","source":{"id":"0","name":"eventBus"}}
{"__type":"$$EventMessageNode","id":"2e417ce6-b0e2-482f-aba9-acba1df83314","ts":"2026-08-09T13:12:55.701+01:00","eventName":"n8n.node.finished","message":"n8n.node.finished","payload":{"workflowId":"2bEJ6vmroLK7xvKP","workflowName":"My workflow 2","executionId":"6","nodeType":"n8n-nodes-base.if","nodeName":"Build Reussi ?","nodeId":"c1b6d835-74e7-49a7-bead-ccad294cf185"}}
{"__type":"$$EventMessageConfirm","confirm":"2e417ce6-b0e2-482f-aba9-acba1df83314","ts":"2026-08-09T13:12:55.701+01:00","source":{"id":"0","name":"eventBus"}}
{"__type":"$$EventMessageWorkflow","id":"a50c2a4b-4788-4b21-bbd1-971415383936","ts":"2026-08-09T13:12:55.703+01:00","eventName":"n8n.workflow.success","message":"n8n.workflow.success","payload":{"userId":"d3acad94-6273-4ce3-850b-4e77274af2b9","executionId":"6","success":true,"isManual":true,"mode":"manual","workflowId":"2bEJ6vmroLK7xvKP","workflowName":"My workflow 2","projectId":"yWzGWdmA1ops1F0n","projectName":"pfa project <projectpfa@outlook.com>"}}
{"__type":"$$EventMessageConfirm","confirm":"a50c2a4b-4788-4b21-bbd1-971415383936","ts":"2026-08-09T13:12:55.703+01:00","source":{"id":"0","name":"eventBus"}}
{"__type":"$$EventMessageAudit","id":"ce1caa2f-43e8-4aba-a7a3-90c4205c5256","ts":"2026-08-09T17:44:03.619+01:00","eventName":"n8n.audit.workflow.activated","message":"n8n.audit.workflow.activated","payload":{"userId":"d3acad94-6273-4ce3-850b-4e77274af2b9","_email":"projectpfa@outlook.com","_firstName":"pfa","_lastName":"project","globalRole":"global:owner","workflowId":"2bEJ6vmroLK7xvKP","workflowName":"My workflow 2","activeVersionId":"582eb23e-821c-40bd-9a95-4626d1f612bf"}}
{"__type":"$$EventMessageConfirm","confirm":"ce1caa2f-43e8-4aba-a7a3-90c4205c5256","ts":"2026-08-09T17:44:03.619+01:00","source":{"id":"0","name":"eventBus"}}
{"__type":"$$EventMessageAudit","id":"4c40b216-afba-4867-a543-a88a62e89cad","ts":"2026-08-09T17:45:20.414+01:00","eventName":"n8n.audit.workflow.executed","message":"n8n.audit.workflow.executed","payload":{"workflowId":"2bEJ6vmroLK7xvKP","workflowName":"My workflow 2","executionId":"7","projectId":"yWzGWdmA1ops1F0n","projectName":"pfa project <projectpfa@outlook.com>","source":"webhook"}}
{"__type":"$$EventMessageConfirm","confirm":"4c40b216-afba-4867-a543-a88a62e89cad","ts":"2026-08-09T17:45:20.414+01:00","source":{"id":"0","name":"eventBus"}}
{"__type":"$$EventMessageWorkflow","id":"c846b0a2-e0b6-4379-a2f7-dd39858cbe96","ts":"2026-08-09T17:45:20.415+01:00","eventName":"n8n.workflow.started","message":"n8n.workflow.started","payload":{"executionId":"7","workflowId":"2bEJ6vmroLK7xvKP","isManual":false,"mode":"webhook","workflowName":"My workflow 2","projectId":"yWzGWdmA1ops1F0n","projectName":"pfa project <projectpfa@outlook.com>"}}
{"__type":"$$EventMessageConfirm","confirm":"c846b0a2-e0b6-4379-a2f7-dd39858cbe96","ts":"2026-08-09T17:45:20.415+01:00","source":{"id":"0","name":"eventBus"}}
{"__type":"$$EventMessageNode","id":"1a8f9d7a-514f-4e74-9507-68977b003167","ts":"2026-08-09T17:45:20.415+01:00","eventName":"n8n.node.started","message":"n8n.node.started","payload":{"workflowId":"2bEJ6vmroLK7xvKP","workflowName":"My workflow 2","executionId":"7","nodeType":"n8n-nodes-base.webhook","nodeName":"Webhook","nodeId":"8d813b7a-8893-46b2-b4d8-c3c5b5af070b"}}
{"__type":"$$EventMessageConfirm","confirm":"1a8f9d7a-514f-4e74-9507-68977b003167","ts":"2026-08-09T17:45:20.415+01:00","source":{"id":"0","name":"eventBus"}}
{"__type":"$$EventMessageNode","id":"ce12903e-2880-4323-903a-be7d812dab62","ts":"2026-08-09T17:45:20.416+01:00","eventName":"n8n.node.finished","message":"n8n.node.finished","payload":{"workflowId":"2bEJ6vmroLK7xvKP","workflowName":"My workflow 2","executionId":"7","nodeType":"n8n-nodes-base.webhook","nodeName":"Webhook","nodeId":"8d813b7a-8893-46b2-b4d8-c3c5b5af070b"}}
{"__type":"$$EventMessageConfirm","confirm":"ce12903e-2880-4323-903a-be7d812dab62","ts":"2026-08-09T17:45:20.416+01:00","source":{"id":"0","name":"eventBus"}}
{"__type":"$$EventMessageNode","id":"54e9bd8b-3c6e-4c8c-9fa1-a93f9798b608","ts":"2026-08-09T17:45:20.416+01:00","eventName":"n8n.node.started","message":"n8n.node.started","payload":{"workflowId":"2bEJ6vmroLK7xvKP","workflowName":"My workflow 2","executionId":"7","nodeType":"n8n-nodes-base.httpRequest","nodeName":"Déclencher Build Jenkins","nodeId":"f3538e21-5e4b-40b4-9a2a-b9f312ef0711"}}
{"__type":"$$EventMessageConfirm","confirm":"54e9bd8b-3c6e-4c8c-9fa1-a93f9798b608","ts":"2026-08-09T17:45:20.416+01:00","source":{"id":"0","name":"eventBus"}}
{"__type":"$$EventMessageNode","id":"8a902567-a499-4363-8807-483834deb183","ts":"2026-08-09T17:45:20.448+01:00","eventName":"n8n.node.finished","message":"n8n.node.finished","payload":{"workflowId":"2bEJ6vmroLK7xvKP","workflowName":"My workflow 2","executionId":"7","nodeType":"n8n-nodes-base.httpRequest","nodeName":"Déclencher Build Jenkins","nodeId":"f3538e21-5e4b-40b4-9a2a-b9f312ef0711"}}
{"__type":"$$EventMessageConfirm","confirm":"8a902567-a499-4363-8807-483834deb183","ts":"2026-08-09T17:45:20.448+01:00","source":{"id":"0","name":"eventBus"}}
{"__type":"$$EventMessageNode","id":"6f445014-8433-450d-b052-3558745edef7","ts":"2026-08-09T17:45:20.449+01:00","eventName":"n8n.node.started","message":"n8n.node.started","payload":{"workflowId":"2bEJ6vmroLK7xvKP","workflowName":"My workflow 2","executionId":"7","nodeType":"n8n-nodes-base.wait","nodeName":"Attendre Fin Build","nodeId":"ca57c0e6-88f3-4d6c-9157-da0b1115b986"}}
{"__type":"$$EventMessageConfirm","confirm":"6f445014-8433-450d-b052-3558745edef7","ts":"2026-08-09T17:45:20.449+01:00","source":{"id":"0","name":"eventBus"}}
{"__type":"$$EventMessageNode","id":"50f6e544-4ac7-40cc-a99a-af620771d810","ts":"2026-08-09T17:45:50.310+01:00","eventName":"n8n.node.finished","message":"n8n.node.finished","payload":{"workflowId":"2bEJ6vmroLK7xvKP","workflowName":"My workflow 2","executionId":"7","nodeType":"n8n-nodes-base.wait","nodeName":"Attendre Fin Build","nodeId":"ca57c0e6-88f3-4d6c-9157-da0b1115b986"}}
{"__type":"$$EventMessageConfirm","confirm":"50f6e544-4ac7-40cc-a99a-af620771d810","ts":"2026-08-09T17:45:50.310+01:00","source":{"id":"0","name":"eventBus"}}
{"__type":"$$EventMessageNode","id":"7809b512-009a-450c-a6a7-4be3840ba016","ts":"2026-08-09T17:45:50.311+01:00","eventName":"n8n.node.started","message":"n8n.node.started","payload":{"workflowId":"2bEJ6vmroLK7xvKP","workflowName":"My workflow 2","executionId":"7","nodeType":"n8n-nodes-base.httpRequest","nodeName":"Vérifier Statut Jenkins","nodeId":"b6f05c5f-fbb1-455d-92f1-88956efa5043"}}
{"__type":"$$EventMessageConfirm","confirm":"7809b512-009a-450c-a6a7-4be3840ba016","ts":"2026-08-09T17:45:50.311+01:00","source":{"id":"0","name":"eventBus"}}
{"__type":"$$EventMessageNode","id":"422a72e4-a639-4173-9a54-705bfdc25725","ts":"2026-08-09T17:45:50.399+01:00","eventName":"n8n.node.finished","message":"n8n.node.finished","payload":{"workflowId":"2bEJ6vmroLK7xvKP","workflowName":"My workflow 2","executionId":"7","nodeType":"n8n-nodes-base.httpRequest","nodeName":"Vérifier Statut Jenkins","nodeId":"b6f05c5f-fbb1-455d-92f1-88956efa5043"}}
{"__type":"$$EventMessageConfirm","confirm":"422a72e4-a639-4173-9a54-705bfdc25725","ts":"2026-08-09T17:45:50.400+01:00","source":{"id":"0","name":"eventBus"}}
{"__type":"$$EventMessageNode","id":"4b6e93c5-fe57-42fb-bd38-65c2893297ea","ts":"2026-08-09T17:45:50.400+01:00","eventName":"n8n.node.started","message":"n8n.node.started","payload":{"workflowId":"2bEJ6vmroLK7xvKP","workflowName":"My workflow 2","executionId":"7","nodeType":"n8n-nodes-base.if","nodeName":"Build Reussi ?","nodeId":"c1b6d835-74e7-49a7-bead-ccad294cf185"}}
{"__type":"$$EventMessageConfirm","confirm":"4b6e93c5-fe57-42fb-bd38-65c2893297ea","ts":"2026-08-09T17:45:50.400+01:00","source":{"id":"0","name":"eventBus"}}
{"__type":"$$EventMessageNode","id":"d8768664-a109-435b-a742-9bb9a5c41c2e","ts":"2026-08-09T17:45:50.402+01:00","eventName":"n8n.node.finished","message":"n8n.node.finished","payload":{"workflowId":"2bEJ6vmroLK7xvKP","workflowName":"My workflow 2","executionId":"7","nodeType":"n8n-nodes-base.if","nodeName":"Build Reussi ?","nodeId":"c1b6d835-74e7-49a7-bead-ccad294cf185"}}
{"__type":"$$EventMessageConfirm","confirm":"d8768664-a109-435b-a742-9bb9a5c41c2e","ts":"2026-08-09T17:45:50.402+01:00","source":{"id":"0","name":"eventBus"}}
{"__type":"$$EventMessageWorkflow","id":"89311ba0-19d3-47a9-ad79-fa6d8eed6315","ts":"2026-08-09T17:45:50.403+01:00","eventName":"n8n.workflow.success","message":"n8n.workflow.success","payload":{"executionId":"7","success":true,"isManual":false,"mode":"webhook","workflowId":"2bEJ6vmroLK7xvKP","workflowName":"My workflow 2","projectId":"yWzGWdmA1ops1F0n","projectName":"pfa project <projectpfa@outlook.com>"}}
{"__type":"$$EventMessageConfirm","confirm":"89311ba0-19d3-47a9-ad79-fa6d8eed6315","ts":"2026-08-09T17:45:50.403+01:00","source":{"id":"0","name":"eventBus"}}
{"__type":"$$EventMessageAudit","id":"da754644-c68f-4eb6-83ba-413d1e25b60f","ts":"2026-08-09T18:00:18.528+01:00","eventName":"n8n.audit.workflow.executed","message":"n8n.audit.workflow.executed","payload":{"workflowId":"2bEJ6vmroLK7xvKP","workflowName":"My workflow 2","executionId":"8","projectId":"yWzGWdmA1ops1F0n","projectName":"pfa project <projectpfa@outlook.com>","source":"webhook"}}
{"__type":"$$EventMessageConfirm","confirm":"da754644-c68f-4eb6-83ba-413d1e25b60f","ts":"2026-08-09T18:00:18.528+01:00","source":{"id":"0","name":"eventBus"}}
{"__type":"$$EventMessageWorkflow","id":"f56d0cec-2322-4021-b423-a7387a9d8e21","ts":"2026-08-09T18:00:18.528+01:00","eventName":"n8n.workflow.started","message":"n8n.workflow.started","payload":{"executionId":"8","workflowId":"2bEJ6vmroLK7xvKP","isManual":false,"mode":"webhook","workflowName":"My workflow 2","projectId":"yWzGWdmA1ops1F0n","projectName":"pfa project <projectpfa@outlook.com>"}}
{"__type":"$$EventMessageConfirm","confirm":"f56d0cec-2322-4021-b423-a7387a9d8e21","ts":"2026-08-09T18:00:18.528+01:00","source":{"id":"0","name":"eventBus"}}
{"__type":"$$EventMessageNode","id":"cb0e18a2-7f4c-4165-bffa-1a2fee7ecde2","ts":"2026-08-09T18:00:18.529+01:00","eventName":"n8n.node.started","message":"n8n.node.started","payload":{"workflowId":"2bEJ6vmroLK7xvKP","workflowName":"My workflow 2","executionId":"8","nodeType":"n8n-nodes-base.webhook","nodeName":"Webhook","nodeId":"8d813b7a-8893-46b2-b4d8-c3c5b5af070b"}}
{"__type":"$$EventMessageConfirm","confirm":"cb0e18a2-7f4c-4165-bffa-1a2fee7ecde2","ts":"2026-08-09T18:00:18.529+01:00","source":{"id":"0","name":"eventBus"}}
{"__type":"$$EventMessageNode","id":"90173a26-8113-4d38-8904-6141dbf726f8","ts":"2026-08-09T18:00:18.529+01:00","eventName":"n8n.node.finished","message":"n8n.node.finished","payload":{"workflowId":"2bEJ6vmroLK7xvKP","workflowName":"My workflow 2","executionId":"8","nodeType":"n8n-nodes-base.webhook","nodeName":"Webhook","nodeId":"8d813b7a-8893-46b2-b4d8-c3c5b5af070b"}}
{"__type":"$$EventMessageConfirm","confirm":"90173a26-8113-4d38-8904-6141dbf726f8","ts":"2026-08-09T18:00:18.529+01:00","source":{"id":"0","name":"eventBus"}}
{"__type":"$$EventMessageNode","id":"3d6509fc-5cdf-4e0a-9287-1b9d4c54b209","ts":"2026-08-09T18:00:18.529+01:00","eventName":"n8n.node.started","message":"n8n.node.started","payload":{"workflowId":"2bEJ6vmroLK7xvKP","workflowName":"My workflow 2","executionId":"8","nodeType":"n8n-nodes-base.httpRequest","nodeName":"Déclencher Build Jenkins","nodeId":"f3538e21-5e4b-40b4-9a2a-b9f312ef0711"}}
{"__type":"$$EventMessageConfirm","confirm":"3d6509fc-5cdf-4e0a-9287-1b9d4c54b209","ts":"2026-08-09T18:00:18.529+01:00","source":{"id":"0","name":"eventBus"}}
{"__type":"$$EventMessageNode","id":"529932ad-a71d-428d-823b-7646015d3b46","ts":"2026-08-09T18:00:18.544+01:00","eventName":"n8n.node.finished","message":"n8n.node.finished","payload":{"workflowId":"2bEJ6vmroLK7xvKP","workflowName":"My workflow 2","executionId":"8","nodeType":"n8n-nodes-base.httpRequest","nodeName":"Déclencher Build Jenkins","nodeId":"f3538e21-5e4b-40b4-9a2a-b9f312ef0711"}}
{"__type":"$$EventMessageConfirm","confirm":"529932ad-a71d-428d-823b-7646015d3b46","ts":"2026-08-09T18:00:18.544+01:00","source":{"id":"0","name":"eventBus"}}
{"__type":"$$EventMessageNode","id":"67c64f77-bb1b-45dc-957b-f2e80ea825d8","ts":"2026-08-09T18:00:18.544+01:00","eventName":"n8n.node.started","message":"n8n.node.started","payload":{"workflowId":"2bEJ6vmroLK7xvKP","workflowName":"My workflow 2","executionId":"8","nodeType":"n8n-nodes-base.wait","nodeName":"Attendre Fin Build","nodeId":"ca57c0e6-88f3-4d6c-9157-da0b1115b986"}}
{"__type":"$$EventMessageConfirm","confirm":"67c64f77-bb1b-45dc-957b-f2e80ea825d8","ts":"2026-08-09T18:00:18.544+01:00","source":{"id":"0","name":"eventBus"}}
{"__type":"$$EventMessageNode","id":"90230428-9c39-441c-95ae-172a46d55d53","ts":"2026-08-09T18:00:48.356+01:00","eventName":"n8n.node.finished","message":"n8n.node.finished","payload":{"workflowId":"2bEJ6vmroLK7xvKP","workflowName":"My workflow 2","executionId":"8","nodeType":"n8n-nodes-base.wait","nodeName":"Attendre Fin Build","nodeId":"ca57c0e6-88f3-4d6c-9157-da0b1115b986"}}
{"__type":"$$EventMessageConfirm","confirm":"90230428-9c39-441c-95ae-172a46d55d53","ts":"2026-08-09T18:00:48.356+01:00","source":{"id":"0","name":"eventBus"}}
{"__type":"$$EventMessageNode","id":"f3595dea-5c53-42b5-998d-c07c656d4d37","ts":"2026-08-09T18:00:48.356+01:00","eventName":"n8n.node.started","message":"n8n.node.started","payload":{"workflowId":"2bEJ6vmroLK7xvKP","workflowName":"My workflow 2","executionId":"8","nodeType":"n8n-nodes-base.httpRequest","nodeName":"Vérifier Statut Jenkins","nodeId":"b6f05c5f-fbb1-455d-92f1-88956efa5043"}}
{"__type":"$$EventMessageConfirm","confirm":"f3595dea-5c53-42b5-998d-c07c656d4d37","ts":"2026-08-09T18:00:48.356+01:00","source":{"id":"0","name":"eventBus"}}
{"__type":"$$EventMessageNode","id":"05bb75ed-0c96-430b-b86d-7ac7f93e5a4b","ts":"2026-08-09T18:00:48.390+01:00","eventName":"n8n.node.finished","message":"n8n.node.finished","payload":{"workflowId":"2bEJ6vmroLK7xvKP","workflowName":"My workflow 2","executionId":"8","nodeType":"n8n-nodes-base.httpRequest","nodeName":"Vérifier Statut Jenkins","nodeId":"b6f05c5f-fbb1-455d-92f1-88956efa5043"}}
{"__type":"$$EventMessageConfirm","confirm":"05bb75ed-0c96-430b-b86d-7ac7f93e5a4b","ts":"2026-08-09T18:00:48.390+01:00","source":{"id":"0","name":"eventBus"}}
{"__type":"$$EventMessageNode","id":"f8619866-8270-45eb-b46d-078e1380865b","ts":"2026-08-09T18:00:48.390+01:00","eventName":"n8n.node.started","message":"n8n.node.started","payload":{"workflowId":"2bEJ6vmroLK7xvKP","workflowName":"My workflow 2","executionId":"8","nodeType":"n8n-nodes-base.if","nodeName":"Build Reussi ?","nodeId":"c1b6d835-74e7-49a7-bead-ccad294cf185"}}
{"__type":"$$EventMessageConfirm","confirm":"f8619866-8270-45eb-b46d-078e1380865b","ts":"2026-08-09T18:00:48.390+01:00","source":{"id":"0","name":"eventBus"}}
{"__type":"$$EventMessageNode","id":"2fe6e048-647a-4b11-a38e-2b8db0268a59","ts":"2026-08-09T18:00:48.391+01:00","eventName":"n8n.node.finished","message":"n8n.node.finished","payload":{"workflowId":"2bEJ6vmroLK7xvKP","workflowName":"My workflow 2","executionId":"8","nodeType":"n8n-nodes-base.if","nodeName":"Build Reussi ?","nodeId":"c1b6d835-74e7-49a7-bead-ccad294cf185"}}
{"__type":"$$EventMessageConfirm","confirm":"2fe6e048-647a-4b11-a38e-2b8db0268a59","ts":"2026-08-09T18:00:48.391+01:00","source":{"id":"0","name":"eventBus"}}
{"__type":"$$EventMessageWorkflow","id":"d5e2db34-97e4-4bcb-a6aa-9071faf7d9b5","ts":"2026-08-09T18:00:48.391+01:00","eventName":"n8n.workflow.success","message":"n8n.workflow.success","payload":{"executionId":"8","success":true,"isManual":false,"mode":"webhook","workflowId":"2bEJ6vmroLK7xvKP","workflowName":"My workflow 2","projectId":"yWzGWdmA1ops1F0n","projectName":"pfa project <projectpfa@outlook.com>"}}
{"__type":"$$EventMessageConfirm","confirm":"d5e2db34-97e4-4bcb-a6aa-9071faf7d9b5","ts":"2026-08-09T18:00:48.391+01:00","source":{"id":"0","name":"eventBus"}}
{"__type":"$$EventMessageAudit","id":"06e3c628-0298-45ca-a4f2-9aa0d5d3288a","ts":"2026-08-09T18:00:56.916+01:00","eventName":"n8n.audit.workflow.deactivated","message":"n8n.audit.workflow.deactivated","payload":{"userId":"d3acad94-6273-4ce3-850b-4e77274af2b9","_email":"projectpfa@outlook.com","_firstName":"pfa","_lastName":"project","globalRole":"global:owner","workflowId":"2bEJ6vmroLK7xvKP","workflowName":"My workflow 2","deactivatedVersionId":"582eb23e-821c-40bd-9a95-4626d1f612bf"}}
{"__type":"$$EventMessageConfirm","confirm":"06e3c628-0298-45ca-a4f2-9aa0d5d3288a","ts":"2026-08-09T18:00:56.916+01:00","source":{"id":"0","name":"eventBus"}}
