{"__type":"$$EventMessageAudit","id":"87b5a944-7000-45d7-a565-9d1fbb3fb332","ts":"2026-08-05T15:11:55.214+00:00","eventName":"n8n.audit.workflow.created","message":"n8n.audit.workflow.created","payload":{"userId":"d3acad94-6273-4ce3-850b-4e77274af2b9","_email":"projectpfa@outlook.com","_firstName":"pfa","_lastName":"project","globalRole":"global:owner","workflowId":"J5PzV01LxoUJ10bs","workflowName":"My workflow"}}
{"__type":"$$EventMessageConfirm","confirm":"87b5a944-7000-45d7-a565-9d1fbb3fb332","ts":"2026-08-05T15:11:55.214+00:00","source":{"id":"0","name":"eventBus"}}
{"__type":"$$EventMessageAudit","id":"3defb179-b738-45d0-a230-6e83967d5ec5","ts":"2026-08-05T15:11:59.995+00:00","eventName":"n8n.audit.workflow.updated","message":"n8n.audit.workflow.updated","payload":{"userId":"d3acad94-6273-4ce3-850b-4e77274af2b9","_email":"projectpfa@outlook.com","_firstName":"pfa","_lastName":"project","globalRole":"global:owner","workflowId":"J5PzV01LxoUJ10bs","workflowName":"My workflow"}}
{"__type":"$$EventMessageConfirm","confirm":"3defb179-b738-45d0-a230-6e83967d5ec5","ts":"2026-08-05T15:11:59.995+00:00","source":{"id":"0","name":"eventBus"}}
{"__type":"$$EventMessageAudit","id":"fa5d8dea-4d93-4115-b638-eec47c338966","ts":"2026-08-05T15:12:04.360+00:00","eventName":"n8n.audit.workflow.updated","message":"n8n.audit.workflow.updated","payload":{"userId":"d3acad94-6273-4ce3-850b-4e77274af2b9","_email":"projectpfa@outlook.com","_firstName":"pfa","_lastName":"project","globalRole":"global:owner","workflowId":"J5PzV01LxoUJ10bs","workflowName":"My workflow"}}
{"__type":"$$EventMessageConfirm","confirm":"fa5d8dea-4d93-4115-b638-eec47c338966","ts":"2026-08-05T15:12:04.360+00:00","source":{"id":"0","name":"eventBus"}}
{"__type":"$$EventMessageAudit","id":"721fb739-4602-43bd-8a55-930265e437a4","ts":"2026-08-05T15:13:01.811+00:00","eventName":"n8n.audit.workflow.updated","message":"n8n.audit.workflow.updated","payload":{"userId":"d3acad94-6273-4ce3-850b-4e77274af2b9","_email":"projectpfa@outlook.com","_firstName":"pfa","_lastName":"project","globalRole":"global:owner","workflowId":"J5PzV01LxoUJ10bs","workflowName":"My workflow"}}
{"__type":"$$EventMessageConfirm","confirm":"721fb739-4602-43bd-8a55-930265e437a4","ts":"2026-08-05T15:13:01.811+00:00","source":{"id":"0","name":"eventBus"}}
{"__type":"$$EventMessageAudit","id":"e1d8359e-298f-4d17-99f5-2d92051f77da","ts":"2026-08-05T15:13:05.789+00:00","eventName":"n8n.audit.workflow.updated","message":"n8n.audit.workflow.updated","payload":{"userId":"d3acad94-6273-4ce3-850b-4e77274af2b9","_email":"projectpfa@outlook.com","_firstName":"pfa","_lastName":"project","globalRole":"global:owner","workflowId":"J5PzV01LxoUJ10bs","workflowName":"My workflow"}}
{"__type":"$$EventMessageConfirm","confirm":"e1d8359e-298f-4d17-99f5-2d92051f77da","ts":"2026-08-05T15:13:05.790+00:00","source":{"id":"0","name":"eventBus"}}
{"__type":"$$EventMessageAudit","id":"74ad8c7d-4880-4626-a8a1-d72d2a301aa3","ts":"2026-08-05T15:13:29.526+00:00","eventName":"n8n.audit.workflow.updated","message":"n8n.audit.workflow.updated","payload":{"userId":"d3acad94-6273-4ce3-850b-4e77274af2b9","_email":"projectpfa@outlook.com","_firstName":"pfa","_lastName":"project","globalRole":"global:owner","workflowId":"J5PzV01LxoUJ10bs","workflowName":"My workflow"}}
{"__type":"$$EventMessageConfirm","confirm":"74ad8c7d-4880-4626-a8a1-d72d2a301aa3","ts":"2026-08-05T15:13:29.526+00:00","source":{"id":"0","name":"eventBus"}}
{"__type":"$$EventMessageAudit","id":"bf3d661c-7c45-44ea-93c3-0aeae4e0c918","ts":"2026-08-05T16:13:55.243+01:00","eventName":"n8n.audit.workflow.executed","message":"n8n.audit.workflow.executed","payload":{"workflowId":"J5PzV01LxoUJ10bs","workflowName":"My workflow","executionId":"1","projectId":"yWzGWdmA1ops1F0n","projectName":"pfa project <projectpfa@outlook.com>","source":"webhook"}}
{"__type":"$$EventMessageConfirm","confirm":"bf3d661c-7c45-44ea-93c3-0aeae4e0c918","ts":"2026-08-05T16:13:55.243+01:00","source":{"id":"0","name":"eventBus"}}
{"__type":"$$EventMessageWorkflow","id":"594d1681-242e-4fd6-bc5b-777992f44b34","ts":"2026-08-05T16:13:55.243+01:00","eventName":"n8n.workflow.started","message":"n8n.workflow.started","payload":{"executionId":"1","workflowId":"J5PzV01LxoUJ10bs","isManual":false,"mode":"manual","workflowName":"My workflow","projectId":"yWzGWdmA1ops1F0n","projectName":"pfa project <projectpfa@outlook.com>"}}
{"__type":"$$EventMessageConfirm","confirm":"594d1681-242e-4fd6-bc5b-777992f44b34","ts":"2026-08-05T16:13:55.244+01:00","source":{"id":"0","name":"eventBus"}}
{"__type":"$$EventMessageNode","id":"ed0dc3f6-d77f-4201-ad79-9e3f0c1518c3","ts":"2026-08-05T16:13:55.265+01:00","eventName":"n8n.node.started","message":"n8n.node.started","payload":{"workflowId":"J5PzV01LxoUJ10bs","workflowName":"My workflow","executionId":"1","nodeType":"n8n-nodes-base.webhook","nodeName":"Webhook","nodeId":"a1cd1d1e-b520-4a7b-adb1-863994872d59"}}
{"__type":"$$EventMessageConfirm","confirm":"ed0dc3f6-d77f-4201-ad79-9e3f0c1518c3","ts":"2026-08-05T16:13:55.266+01:00","source":{"id":"0","name":"eventBus"}}
{"__type":"$$EventMessageNode","id":"f2855337-621a-42b8-b736-7b22e4f9573d","ts":"2026-08-05T16:13:55.269+01:00","eventName":"n8n.node.finished","message":"n8n.node.finished","payload":{"workflowId":"J5PzV01LxoUJ10bs","workflowName":"My workflow","executionId":"1","nodeType":"n8n-nodes-base.webhook","nodeName":"Webhook","nodeId":"a1cd1d1e-b520-4a7b-adb1-863994872d59"}}
{"__type":"$$EventMessageConfirm","confirm":"f2855337-621a-42b8-b736-7b22e4f9573d","ts":"2026-08-05T16:13:55.269+01:00","source":{"id":"0","name":"eventBus"}}
{"__type":"$$EventMessageNode","id":"f142683b-7c71-4ee1-97e5-59bef0e90fc0","ts":"2026-08-05T16:13:55.274+01:00","eventName":"n8n.node.started","message":"n8n.node.started","payload":{"workflowId":"J5PzV01LxoUJ10bs","workflowName":"My workflow","executionId":"1","nodeType":"n8n-nodes-base.code","nodeName":"Code in JavaScript","nodeId":"6585e4b2-481a-4332-bf4a-c165ef52bc2f"}}
{"__type":"$$EventMessageConfirm","confirm":"f142683b-7c71-4ee1-97e5-59bef0e90fc0","ts":"2026-08-05T16:13:55.274+01:00","source":{"id":"0","name":"eventBus"}}
{"__type":"$$EventMessageRunner","id":"e79d4db1-4593-4f89-8c73-eb65f782f383","ts":"2026-08-05T16:13:55.281+01:00","eventName":"n8n.runner.task.requested","message":"n8n.runner.task.requested","payload":{"taskId":"95pu1HJf","nodeId":"6585e4b2-481a-4332-bf4a-c165ef52bc2f","workflowId":"J5PzV01LxoUJ10bs","executionId":"1"}}
{"__type":"$$EventMessageConfirm","confirm":"e79d4db1-4593-4f89-8c73-eb65f782f383","ts":"2026-08-05T16:13:55.281+01:00","source":{"id":"0","name":"eventBus"}}
{"__type":"$$EventMessageRunner","id":"6fe383fc-46f8-4f60-8f79-a7aa7f6ef964","ts":"2026-08-05T16:13:55.333+01:00","eventName":"n8n.runner.response.received","message":"n8n.runner.response.received","payload":{"taskId":"95pu1HJf","nodeId":"6585e4b2-481a-4332-bf4a-c165ef52bc2f","workflowId":"J5PzV01LxoUJ10bs","executionId":"1"}}
{"__type":"$$EventMessageConfirm","confirm":"6fe383fc-46f8-4f60-8f79-a7aa7f6ef964","ts":"2026-08-05T16:13:55.333+01:00","source":{"id":"0","name":"eventBus"}}
{"__type":"$$EventMessageNode","id":"0b6bc00e-aa12-4236-840e-42832a3d26a2","ts":"2026-08-05T16:13:55.333+01:00","eventName":"n8n.node.finished","message":"n8n.node.finished","payload":{"workflowId":"J5PzV01LxoUJ10bs","workflowName":"My workflow","executionId":"1","nodeType":"n8n-nodes-base.code","nodeName":"Code in JavaScript","nodeId":"6585e4b2-481a-4332-bf4a-c165ef52bc2f"}}
{"__type":"$$EventMessageConfirm","confirm":"0b6bc00e-aa12-4236-840e-42832a3d26a2","ts":"2026-08-05T16:13:55.333+01:00","source":{"id":"0","name":"eventBus"}}
{"__type":"$$EventMessageWorkflow","id":"56a4e685-dafe-4014-beb5-91cf91d88406","ts":"2026-08-05T16:13:55.336+01:00","eventName":"n8n.workflow.success","message":"n8n.workflow.success","payload":{"userId":"d3acad94-6273-4ce3-850b-4e77274af2b9","executionId":"1","success":true,"isManual":true,"mode":"manual","workflowId":"J5PzV01LxoUJ10bs","workflowName":"My workflow","projectId":"yWzGWdmA1ops1F0n","projectName":"pfa project <projectpfa@outlook.com>"}}
{"__type":"$$EventMessageConfirm","confirm":"56a4e685-dafe-4014-beb5-91cf91d88406","ts":"2026-08-05T16:13:55.336+01:00","source":{"id":"0","name":"eventBus"}}
{"__type":"$$EventMessageAudit","id":"c4e65f01-e219-4391-979e-5979c92c18f3","ts":"2026-08-05T16:15:05.262+01:00","eventName":"n8n.audit.workflow.updated","message":"n8n.audit.workflow.updated","payload":{"userId":"d3acad94-6273-4ce3-850b-4e77274af2b9","_email":"projectpfa@outlook.com","_firstName":"pfa","_lastName":"project","globalRole":"global:owner","workflowId":"J5PzV01LxoUJ10bs","workflowName":"QA - Hello World Workflow"}}
{"__type":"$$EventMessageConfirm","confirm":"c4e65f01-e219-4391-979e-5979c92c18f3","ts":"2026-08-05T16:15:05.262+01:00","source":{"id":"0","name":"eventBus"}}
{"__type":"$$EventMessageAudit","id":"a62d7dae-05ca-42a1-8633-c5c6a6f3742c","ts":"2026-08-05T17:46:33.349+01:00","eventName":"n8n.audit.workflow.created","message":"n8n.audit.workflow.created","payload":{"userId":"d3acad94-6273-4ce3-850b-4e77274af2b9","_email":"projectpfa@outlook.com","_firstName":"pfa","_lastName":"project","globalRole":"global:owner","workflowId":"gRKlj0LXEyz0kyfY","workflowName":"Auto Jira Ticket Creator"}}
{"__type":"$$EventMessageConfirm","confirm":"a62d7dae-05ca-42a1-8633-c5c6a6f3742c","ts":"2026-08-05T17:46:33.350+01:00","source":{"id":"0","name":"eventBus"}}
{"__type":"$$EventMessageAudit","id":"74ca9697-9f7e-4f04-8d38-6cd937dc3a92","ts":"2026-08-05T17:46:46.718+01:00","eventName":"n8n.audit.workflow.updated","message":"n8n.audit.workflow.updated","payload":{"userId":"d3acad94-6273-4ce3-850b-4e77274af2b9","_email":"projectpfa@outlook.com","_firstName":"pfa","_lastName":"project","globalRole":"global:owner","workflowId":"gRKlj0LXEyz0kyfY","workflowName":"Auto Jira Ticket Creator"}}
{"__type":"$$EventMessageConfirm","confirm":"74ca9697-9f7e-4f04-8d38-6cd937dc3a92","ts":"2026-08-05T17:46:46.718+01:00","source":{"id":"0","name":"eventBus"}}
{"__type":"$$EventMessageAudit","id":"6a454a70-7350-469b-abcf-ff5db9d295ed","ts":"2026-08-05T17:47:03.624+01:00","eventName":"n8n.audit.workflow.updated","message":"n8n.audit.workflow.updated","payload":{"userId":"d3acad94-6273-4ce3-850b-4e77274af2b9","_email":"projectpfa@outlook.com","_firstName":"pfa","_lastName":"project","globalRole":"global:owner","workflowId":"gRKlj0LXEyz0kyfY","workflowName":"Auto Jira Ticket Creator"}}
{"__type":"$$EventMessageConfirm","confirm":"6a454a70-7350-469b-abcf-ff5db9d295ed","ts":"2026-08-05T17:47:03.624+01:00","source":{"id":"0","name":"eventBus"}}
{"__type":"$$EventMessageAudit","id":"453a2c03-68fe-40b9-bcf2-936594bb3ccc","ts":"2026-08-05T17:47:07.330+01:00","eventName":"n8n.audit.workflow.updated","message":"n8n.audit.workflow.updated","payload":{"userId":"d3acad94-6273-4ce3-850b-4e77274af2b9","_email":"projectpfa@outlook.com","_firstName":"pfa","_lastName":"project","globalRole":"global:owner","workflowId":"gRKlj0LXEyz0kyfY","workflowName":"Auto Jira Ticket Creator"}}
{"__type":"$$EventMessageConfirm","confirm":"453a2c03-68fe-40b9-bcf2-936594bb3ccc","ts":"2026-08-05T17:47:07.330+01:00","source":{"id":"0","name":"eventBus"}}
{"__type":"$$EventMessageAudit","id":"d3e689ce-22a5-47d9-8a71-ec8695ebe615","ts":"2026-08-05T17:47:49.072+01:00","eventName":"n8n.audit.workflow.executed","message":"n8n.audit.workflow.executed","payload":{"workflowId":"gRKlj0LXEyz0kyfY","workflowName":"Auto Jira Ticket Creator","executionId":"2","projectId":"yWzGWdmA1ops1F0n","projectName":"pfa project <projectpfa@outlook.com>","source":"webhook"}}
{"__type":"$$EventMessageConfirm","confirm":"d3e689ce-22a5-47d9-8a71-ec8695ebe615","ts":"2026-08-05T17:47:49.072+01:00","source":{"id":"0","name":"eventBus"}}
{"__type":"$$EventMessageWorkflow","id":"5ee05527-45d6-4977-a8c4-242395e41fae","ts":"2026-08-05T17:47:49.072+01:00","eventName":"n8n.workflow.started","message":"n8n.workflow.started","payload":{"executionId":"2","workflowId":"gRKlj0LXEyz0kyfY","isManual":false,"mode":"manual","workflowName":"Auto Jira Ticket Creator","projectId":"yWzGWdmA1ops1F0n","projectName":"pfa project <projectpfa@outlook.com>"}}
{"__type":"$$EventMessageConfirm","confirm":"5ee05527-45d6-4977-a8c4-242395e41fae","ts":"2026-08-05T17:47:49.072+01:00","source":{"id":"0","name":"eventBus"}}
{"__type":"$$EventMessageNode","id":"f6bf6f1f-5616-43da-a06c-cbbec61b3454","ts":"2026-08-05T17:47:49.088+01:00","eventName":"n8n.node.started","message":"n8n.node.started","payload":{"workflowId":"gRKlj0LXEyz0kyfY","workflowName":"Auto Jira Ticket Creator","executionId":"2","nodeType":"n8n-nodes-base.webhook","nodeName":"Webhook","nodeId":"e0a064ef-f9d8-401b-8d83-3c4c59ef2d9e"}}
{"__type":"$$EventMessageConfirm","confirm":"f6bf6f1f-5616-43da-a06c-cbbec61b3454","ts":"2026-08-05T17:47:49.088+01:00","source":{"id":"0","name":"eventBus"}}
{"__type":"$$EventMessageNode","id":"9fb917b0-867d-4bf1-a449-69b86fd9b1ba","ts":"2026-08-05T17:47:49.089+01:00","eventName":"n8n.node.finished","message":"n8n.node.finished","payload":{"workflowId":"gRKlj0LXEyz0kyfY","workflowName":"Auto Jira Ticket Creator","executionId":"2","nodeType":"n8n-nodes-base.webhook","nodeName":"Webhook","nodeId":"e0a064ef-f9d8-401b-8d83-3c4c59ef2d9e"}}
{"__type":"$$EventMessageConfirm","confirm":"9fb917b0-867d-4bf1-a449-69b86fd9b1ba","ts":"2026-08-05T17:47:49.089+01:00","source":{"id":"0","name":"eventBus"}}
{"__type":"$$EventMessageWorkflow","id":"22b021a0-92d7-40b4-ac29-45601557110b","ts":"2026-08-05T17:47:49.090+01:00","eventName":"n8n.workflow.success","message":"n8n.workflow.success","payload":{"userId":"d3acad94-6273-4ce3-850b-4e77274af2b9","executionId":"2","success":true,"isManual":true,"mode":"manual","workflowId":"gRKlj0LXEyz0kyfY","workflowName":"Auto Jira Ticket Creator","projectId":"yWzGWdmA1ops1F0n","projectName":"pfa project <projectpfa@outlook.com>"}}
{"__type":"$$EventMessageConfirm","confirm":"22b021a0-92d7-40b4-ac29-45601557110b","ts":"2026-08-05T17:47:49.091+01:00","source":{"id":"0","name":"eventBus"}}
{"__type":"$$EventMessageAudit","id":"27af2bdd-5990-4a6a-a200-efd83acdea32","ts":"2026-08-05T17:48:25.528+01:00","eventName":"n8n.audit.workflow.executed","message":"n8n.audit.workflow.executed","payload":{"workflowId":"gRKlj0LXEyz0kyfY","workflowName":"Auto Jira Ticket Creator","executionId":"3","projectId":"yWzGWdmA1ops1F0n","projectName":"pfa project <projectpfa@outlook.com>","source":"webhook"}}
{"__type":"$$EventMessageConfirm","confirm":"27af2bdd-5990-4a6a-a200-efd83acdea32","ts":"2026-08-05T17:48:25.528+01:00","source":{"id":"0","name":"eventBus"}}
{"__type":"$$EventMessageWorkflow","id":"495933d9-b0b3-43f8-9922-18a508efb87c","ts":"2026-08-05T17:48:25.528+01:00","eventName":"n8n.workflow.started","message":"n8n.workflow.started","payload":{"executionId":"3","workflowId":"gRKlj0LXEyz0kyfY","isManual":false,"mode":"manual","workflowName":"Auto Jira Ticket Creator","projectId":"yWzGWdmA1ops1F0n","projectName":"pfa project <projectpfa@outlook.com>"}}
{"__type":"$$EventMessageConfirm","confirm":"495933d9-b0b3-43f8-9922-18a508efb87c","ts":"2026-08-05T17:48:25.528+01:00","source":{"id":"0","name":"eventBus"}}
{"__type":"$$EventMessageNode","id":"44d5fbc0-d523-4612-a9bd-15fe64ae686b","ts":"2026-08-05T17:48:25.541+01:00","eventName":"n8n.node.started","message":"n8n.node.started","payload":{"workflowId":"gRKlj0LXEyz0kyfY","workflowName":"Auto Jira Ticket Creator","executionId":"3","nodeType":"n8n-nodes-base.webhook","nodeName":"Webhook","nodeId":"e0a064ef-f9d8-401b-8d83-3c4c59ef2d9e"}}
{"__type":"$$EventMessageConfirm","confirm":"44d5fbc0-d523-4612-a9bd-15fe64ae686b","ts":"2026-08-05T17:48:25.541+01:00","source":{"id":"0","name":"eventBus"}}
{"__type":"$$EventMessageNode","id":"2440b353-e742-4ffd-9027-86431dc7d132","ts":"2026-08-05T17:48:25.541+01:00","eventName":"n8n.node.finished","message":"n8n.node.finished","payload":{"workflowId":"gRKlj0LXEyz0kyfY","workflowName":"Auto Jira Ticket Creator","executionId":"3","nodeType":"n8n-nodes-base.webhook","nodeName":"Webhook","nodeId":"e0a064ef-f9d8-401b-8d83-3c4c59ef2d9e"}}
{"__type":"$$EventMessageConfirm","confirm":"2440b353-e742-4ffd-9027-86431dc7d132","ts":"2026-08-05T17:48:25.541+01:00","source":{"id":"0","name":"eventBus"}}
{"__type":"$$EventMessageWorkflow","id":"06df8541-709d-4994-bcc6-585226a662e0","ts":"2026-08-05T17:48:25.544+01:00","eventName":"n8n.workflow.success","message":"n8n.workflow.success","payload":{"userId":"d3acad94-6273-4ce3-850b-4e77274af2b9","executionId":"3","success":true,"isManual":true,"mode":"manual","workflowId":"gRKlj0LXEyz0kyfY","workflowName":"Auto Jira Ticket Creator","projectId":"yWzGWdmA1ops1F0n","projectName":"pfa project <projectpfa@outlook.com>"}}
{"__type":"$$EventMessageConfirm","confirm":"06df8541-709d-4994-bcc6-585226a662e0","ts":"2026-08-05T17:48:25.544+01:00","source":{"id":"0","name":"eventBus"}}
{"__type":"$$EventMessageAudit","id":"095a3b70-7157-4a7a-88f4-fbc0f3cdc767","ts":"2026-08-05T17:52:11.742+01:00","eventName":"n8n.audit.workflow.updated","message":"n8n.audit.workflow.updated","payload":{"userId":"d3acad94-6273-4ce3-850b-4e77274af2b9","_email":"projectpfa@outlook.com","_firstName":"pfa","_lastName":"project","globalRole":"global:owner","workflowId":"gRKlj0LXEyz0kyfY","workflowName":"Auto Jira Ticket Creator"}}
{"__type":"$$EventMessageConfirm","confirm":"095a3b70-7157-4a7a-88f4-fbc0f3cdc767","ts":"2026-08-05T17:52:11.742+01:00","source":{"id":"0","name":"eventBus"}}
