{"__type":"$$EventMessageAudit","id":"abafee17-82ef-4ba1-b4bf-c76aba561e10","ts":"2026-08-19T09:34:50.553+00:00","eventName":"n8n.audit.workflow.updated","message":"n8n.audit.workflow.updated","payload":{"userId":"2934ed8e-246f-40de-b9c4-3db63c015199","_email":"rojectpfa@outlook.com","_firstName":"project","_lastName":"pfa","globalRole":"global:owner","workflowId":"ipTQvEEvjb2UKSSr","workflowName":"Newman - Juice Shop Tests"}}
{"__type":"$$EventMessageConfirm","confirm":"abafee17-82ef-4ba1-b4bf-c76aba561e10","ts":"2026-08-19T09:34:50.554+00:00","source":{"id":"0","name":"eventBus"}}
{"__type":"$$EventMessageAudit","id":"e6f304b4-d3fa-462f-85ef-e09a0bafcd57","ts":"2026-08-19T09:34:52.060+00:00","eventName":"n8n.audit.workflow.executed","message":"n8n.audit.workflow.executed","payload":{"userId":"2934ed8e-246f-40de-b9c4-3db63c015199","_email":"rojectpfa@outlook.com","_firstName":"project","_lastName":"pfa","globalRole":"global:owner","workflowId":"ipTQvEEvjb2UKSSr","workflowName":"Newman - Juice Shop Tests","executionId":"32","projectId":"VRkJ3QtMy9NsT7G4","projectName":"project pfa <rojectpfa@outlook.com>","source":"user-manual"}}
{"__type":"$$EventMessageConfirm","confirm":"e6f304b4-d3fa-462f-85ef-e09a0bafcd57","ts":"2026-08-19T09:34:52.061+00:00","source":{"id":"0","name":"eventBus"}}
{"__type":"$$EventMessageWorkflow","id":"9e2f3b58-6e23-45d7-b8de-83b0c945a5ba","ts":"2026-08-19T09:34:52.066+00:00","eventName":"n8n.workflow.started","message":"n8n.workflow.started","payload":{"executionId":"32","workflowId":"ipTQvEEvjb2UKSSr","isManual":false,"mode":"manual","workflowName":"Newman - Juice Shop Tests","projectId":"VRkJ3QtMy9NsT7G4","projectName":"project pfa <rojectpfa@outlook.com>"}}
{"__type":"$$EventMessageConfirm","confirm":"9e2f3b58-6e23-45d7-b8de-83b0c945a5ba","ts":"2026-08-19T09:34:52.066+00:00","source":{"id":"0","name":"eventBus"}}
{"__type":"$$EventMessageNode","id":"102f4eaf-2aa0-4ac5-b110-daccf0615939","ts":"2026-08-19T09:34:52.079+00:00","eventName":"n8n.node.started","message":"n8n.node.started","payload":{"workflowId":"ipTQvEEvjb2UKSSr","workflowName":"Newman - Juice Shop Tests","executionId":"32","nodeType":"n8n-nodes-base.manualTrigger","nodeName":"When clicking ‘Execute workflow’","nodeId":"6f4bb230-c1c3-40b0-8281-c8e8d013185d"}}
{"__type":"$$EventMessageConfirm","confirm":"102f4eaf-2aa0-4ac5-b110-daccf0615939","ts":"2026-08-19T09:34:52.079+00:00","source":{"id":"0","name":"eventBus"}}
{"__type":"$$EventMessageNode","id":"a9841be6-c822-4871-b8ed-4486b901b8a9","ts":"2026-08-19T09:34:52.084+00:00","eventName":"n8n.node.finished","message":"n8n.node.finished","payload":{"workflowId":"ipTQvEEvjb2UKSSr","workflowName":"Newman - Juice Shop Tests","executionId":"32","nodeType":"n8n-nodes-base.manualTrigger","nodeName":"When clicking ‘Execute workflow’","nodeId":"6f4bb230-c1c3-40b0-8281-c8e8d013185d"}}
{"__type":"$$EventMessageConfirm","confirm":"a9841be6-c822-4871-b8ed-4486b901b8a9","ts":"2026-08-19T09:34:52.085+00:00","source":{"id":"0","name":"eventBus"}}
{"__type":"$$EventMessageNode","id":"6e748c2e-4143-425d-a6ee-2f8dfaf5067b","ts":"2026-08-19T09:34:52.087+00:00","eventName":"n8n.node.started","message":"n8n.node.started","payload":{"workflowId":"ipTQvEEvjb2UKSSr","workflowName":"Newman - Juice Shop Tests","executionId":"32","nodeType":"n8n-nodes-base.executeCommand","nodeName":"Execute Command  Newman","nodeId":"0ccb398f-e181-437e-8304-1e6aec49aa9a"}}
{"__type":"$$EventMessageConfirm","confirm":"6e748c2e-4143-425d-a6ee-2f8dfaf5067b","ts":"2026-08-19T09:34:52.087+00:00","source":{"id":"0","name":"eventBus"}}
{"__type":"$$EventMessageNode","id":"15588b8c-8171-4fb2-8e35-31f149f2fc5c","ts":"2026-08-19T09:34:52.112+00:00","eventName":"n8n.node.finished","message":"n8n.node.finished","payload":{"workflowId":"ipTQvEEvjb2UKSSr","workflowName":"Newman - Juice Shop Tests","executionId":"32","nodeType":"n8n-nodes-base.executeCommand","nodeName":"Execute Command  Newman","nodeId":"0ccb398f-e181-437e-8304-1e6aec49aa9a"}}
{"__type":"$$EventMessageConfirm","confirm":"15588b8c-8171-4fb2-8e35-31f149f2fc5c","ts":"2026-08-19T09:34:52.112+00:00","source":{"id":"0","name":"eventBus"}}
{"__type":"$$EventMessageNode","id":"33e3c09d-ab11-4a04-86d9-9f3b0ad6f72b","ts":"2026-08-19T09:34:52.117+00:00","eventName":"n8n.node.started","message":"n8n.node.started","payload":{"workflowId":"ipTQvEEvjb2UKSSr","workflowName":"Newman - Juice Shop Tests","executionId":"32","nodeType":"n8n-nodes-base.code","nodeName":"Json Newman","nodeId":"5235daad-32fd-4a2e-ace0-ca0816d8e4e3"}}
{"__type":"$$EventMessageConfirm","confirm":"33e3c09d-ab11-4a04-86d9-9f3b0ad6f72b","ts":"2026-08-19T09:34:52.117+00:00","source":{"id":"0","name":"eventBus"}}
{"__type":"$$EventMessageRunner","id":"a329da64-7c02-48b9-91c8-4f1574541724","ts":"2026-08-19T09:34:52.123+00:00","eventName":"n8n.runner.task.requested","message":"n8n.runner.task.requested","payload":{"taskId":"pLsYuIt7","nodeId":"5235daad-32fd-4a2e-ace0-ca0816d8e4e3","workflowId":"ipTQvEEvjb2UKSSr","executionId":"32"}}
{"__type":"$$EventMessageConfirm","confirm":"a329da64-7c02-48b9-91c8-4f1574541724","ts":"2026-08-19T09:34:52.123+00:00","source":{"id":"0","name":"eventBus"}}
{"__type":"$$EventMessageRunner","id":"f8a433a1-fca3-4909-92a6-085b7025a56e","ts":"2026-08-19T09:34:52.198+00:00","eventName":"n8n.runner.response.received","message":"n8n.runner.response.received","payload":{"taskId":"pLsYuIt7","nodeId":"5235daad-32fd-4a2e-ace0-ca0816d8e4e3","workflowId":"ipTQvEEvjb2UKSSr","executionId":"32"}}
{"__type":"$$EventMessageConfirm","confirm":"f8a433a1-fca3-4909-92a6-085b7025a56e","ts":"2026-08-19T09:34:52.198+00:00","source":{"id":"0","name":"eventBus"}}
{"__type":"$$EventMessageNode","id":"25ca2f72-d158-47a2-af35-b24812af5002","ts":"2026-08-19T09:34:52.198+00:00","eventName":"n8n.node.finished","message":"n8n.node.finished","payload":{"workflowId":"ipTQvEEvjb2UKSSr","workflowName":"Newman - Juice Shop Tests","executionId":"32","nodeType":"n8n-nodes-base.code","nodeName":"Json Newman","nodeId":"5235daad-32fd-4a2e-ace0-ca0816d8e4e3"}}
{"__type":"$$EventMessageConfirm","confirm":"25ca2f72-d158-47a2-af35-b24812af5002","ts":"2026-08-19T09:34:52.198+00:00","source":{"id":"0","name":"eventBus"}}
{"__type":"$$EventMessageNode","id":"c2d8d266-97cb-460c-a78b-8edfad4bf36d","ts":"2026-08-19T09:34:52.199+00:00","eventName":"n8n.node.started","message":"n8n.node.started","payload":{"workflowId":"ipTQvEEvjb2UKSSr","workflowName":"Newman - Juice Shop Tests","executionId":"32","nodeType":"n8n-nodes-base.executeCommand","nodeName":"Execute Command  Cypress","nodeId":"73f65794-ee07-485a-8ce5-3c6e9b0f7188"}}
{"__type":"$$EventMessageConfirm","confirm":"c2d8d266-97cb-460c-a78b-8edfad4bf36d","ts":"2026-08-19T09:34:52.199+00:00","source":{"id":"0","name":"eventBus"}}
{"__type":"$$EventMessageNode","id":"f31c9696-48c5-4674-85eb-e11133f56340","ts":"2026-08-19T09:35:46.178+00:00","eventName":"n8n.node.finished","message":"n8n.node.finished","payload":{"workflowId":"ipTQvEEvjb2UKSSr","workflowName":"Newman - Juice Shop Tests","executionId":"32","nodeType":"n8n-nodes-base.executeCommand","nodeName":"Execute Command  Cypress","nodeId":"73f65794-ee07-485a-8ce5-3c6e9b0f7188"}}
{"__type":"$$EventMessageConfirm","confirm":"f31c9696-48c5-4674-85eb-e11133f56340","ts":"2026-08-19T09:35:46.178+00:00","source":{"id":"0","name":"eventBus"}}
{"__type":"$$EventMessageWorkflow","id":"c1a98f33-884c-4dee-8f15-6824b0e564a2","ts":"2026-08-19T09:35:46.187+00:00","eventName":"n8n.workflow.success","message":"n8n.workflow.success","payload":{"userId":"2934ed8e-246f-40de-b9c4-3db63c015199","executionId":"32","success":true,"isManual":true,"mode":"manual","workflowId":"ipTQvEEvjb2UKSSr","workflowName":"Newman - Juice Shop Tests","projectId":"VRkJ3QtMy9NsT7G4","projectName":"project pfa <rojectpfa@outlook.com>"}}
{"__type":"$$EventMessageConfirm","confirm":"c1a98f33-884c-4dee-8f15-6824b0e564a2","ts":"2026-08-19T09:35:46.187+00:00","source":{"id":"0","name":"eventBus"}}
{"__type":"$$EventMessageAudit","id":"e3f62d77-9b71-4cb1-a672-dabadd6e51cd","ts":"2026-08-19T09:36:07.393+00:00","eventName":"n8n.audit.workflow.executed","message":"n8n.audit.workflow.executed","payload":{"userId":"2934ed8e-246f-40de-b9c4-3db63c015199","_email":"rojectpfa@outlook.com","_firstName":"project","_lastName":"pfa","globalRole":"global:owner","workflowId":"ipTQvEEvjb2UKSSr","workflowName":"Newman - Juice Shop Tests","executionId":"33","projectId":"VRkJ3QtMy9NsT7G4","projectName":"project pfa <rojectpfa@outlook.com>","source":"user-manual"}}
{"__type":"$$EventMessageConfirm","confirm":"e3f62d77-9b71-4cb1-a672-dabadd6e51cd","ts":"2026-08-19T09:36:07.393+00:00","source":{"id":"0","name":"eventBus"}}
{"__type":"$$EventMessageWorkflow","id":"60f2f10c-f11c-4ef1-a609-ed3c58a3514a","ts":"2026-08-19T09:36:07.394+00:00","eventName":"n8n.workflow.started","message":"n8n.workflow.started","payload":{"executionId":"33","workflowId":"ipTQvEEvjb2UKSSr","isManual":false,"mode":"manual","workflowName":"Newman - Juice Shop Tests","projectId":"VRkJ3QtMy9NsT7G4","projectName":"project pfa <rojectpfa@outlook.com>"}}
{"__type":"$$EventMessageConfirm","confirm":"60f2f10c-f11c-4ef1-a609-ed3c58a3514a","ts":"2026-08-19T09:36:07.394+00:00","source":{"id":"0","name":"eventBus"}}
{"__type":"$$EventMessageNode","id":"1dcc2a64-0555-4783-b20a-628d87d5051e","ts":"2026-08-19T09:36:07.405+00:00","eventName":"n8n.node.started","message":"n8n.node.started","payload":{"workflowId":"ipTQvEEvjb2UKSSr","workflowName":"Newman - Juice Shop Tests","executionId":"33","nodeType":"n8n-nodes-base.manualTrigger","nodeName":"When clicking ‘Execute workflow’","nodeId":"6f4bb230-c1c3-40b0-8281-c8e8d013185d"}}
{"__type":"$$EventMessageConfirm","confirm":"1dcc2a64-0555-4783-b20a-628d87d5051e","ts":"2026-08-19T09:36:07.405+00:00","source":{"id":"0","name":"eventBus"}}
{"__type":"$$EventMessageNode","id":"8f793fdb-f60d-4af1-b303-214f2392a69a","ts":"2026-08-19T09:36:07.406+00:00","eventName":"n8n.node.finished","message":"n8n.node.finished","payload":{"workflowId":"ipTQvEEvjb2UKSSr","workflowName":"Newman - Juice Shop Tests","executionId":"33","nodeType":"n8n-nodes-base.manualTrigger","nodeName":"When clicking ‘Execute workflow’","nodeId":"6f4bb230-c1c3-40b0-8281-c8e8d013185d"}}
{"__type":"$$EventMessageConfirm","confirm":"8f793fdb-f60d-4af1-b303-214f2392a69a","ts":"2026-08-19T09:36:07.406+00:00","source":{"id":"0","name":"eventBus"}}
{"__type":"$$EventMessageNode","id":"73869902-6fcf-4787-8745-96746dd34e8f","ts":"2026-08-19T09:36:07.407+00:00","eventName":"n8n.node.started","message":"n8n.node.started","payload":{"workflowId":"ipTQvEEvjb2UKSSr","workflowName":"Newman - Juice Shop Tests","executionId":"33","nodeType":"n8n-nodes-base.executeCommand","nodeName":"Execute Command  Newman","nodeId":"0ccb398f-e181-437e-8304-1e6aec49aa9a"}}
{"__type":"$$EventMessageConfirm","confirm":"73869902-6fcf-4787-8745-96746dd34e8f","ts":"2026-08-19T09:36:07.407+00:00","source":{"id":"0","name":"eventBus"}}
{"__type":"$$EventMessageNode","id":"b047ab47-4c9c-4cd5-844f-e36d1113fcb3","ts":"2026-08-19T09:36:07.423+00:00","eventName":"n8n.node.finished","message":"n8n.node.finished","payload":{"workflowId":"ipTQvEEvjb2UKSSr","workflowName":"Newman - Juice Shop Tests","executionId":"33","nodeType":"n8n-nodes-base.executeCommand","nodeName":"Execute Command  Newman","nodeId":"0ccb398f-e181-437e-8304-1e6aec49aa9a"}}
{"__type":"$$EventMessageConfirm","confirm":"b047ab47-4c9c-4cd5-844f-e36d1113fcb3","ts":"2026-08-19T09:36:07.423+00:00","source":{"id":"0","name":"eventBus"}}
{"__type":"$$EventMessageNode","id":"87623d4e-2a2c-4be8-a5d3-2a527bd759b7","ts":"2026-08-19T09:36:07.427+00:00","eventName":"n8n.node.started","message":"n8n.node.started","payload":{"workflowId":"ipTQvEEvjb2UKSSr","workflowName":"Newman - Juice Shop Tests","executionId":"33","nodeType":"n8n-nodes-base.code","nodeName":"Json Newman","nodeId":"5235daad-32fd-4a2e-ace0-ca0816d8e4e3"}}
{"__type":"$$EventMessageConfirm","confirm":"87623d4e-2a2c-4be8-a5d3-2a527bd759b7","ts":"2026-08-19T09:36:07.427+00:00","source":{"id":"0","name":"eventBus"}}
{"__type":"$$EventMessageRunner","id":"f68d83b3-d03d-4a2f-9060-2dcb93b21214","ts":"2026-08-19T09:36:07.429+00:00","eventName":"n8n.runner.task.requested","message":"n8n.runner.task.requested","payload":{"taskId":"1jQVLluF","nodeId":"5235daad-32fd-4a2e-ace0-ca0816d8e4e3","workflowId":"ipTQvEEvjb2UKSSr","executionId":"33"}}
{"__type":"$$EventMessageConfirm","confirm":"f68d83b3-d03d-4a2f-9060-2dcb93b21214","ts":"2026-08-19T09:36:07.430+00:00","source":{"id":"0","name":"eventBus"}}
{"__type":"$$EventMessageRunner","id":"946bd82a-c6f0-4770-b2bc-c157bf8e7226","ts":"2026-08-19T09:36:07.442+00:00","eventName":"n8n.runner.response.received","message":"n8n.runner.response.received","payload":{"taskId":"1jQVLluF","nodeId":"5235daad-32fd-4a2e-ace0-ca0816d8e4e3","workflowId":"ipTQvEEvjb2UKSSr","executionId":"33"}}
{"__type":"$$EventMessageConfirm","confirm":"946bd82a-c6f0-4770-b2bc-c157bf8e7226","ts":"2026-08-19T09:36:07.442+00:00","source":{"id":"0","name":"eventBus"}}
{"__type":"$$EventMessageNode","id":"15a4b186-6459-4008-b2ed-11b26959ba1b","ts":"2026-08-19T09:36:07.442+00:00","eventName":"n8n.node.finished","message":"n8n.node.finished","payload":{"workflowId":"ipTQvEEvjb2UKSSr","workflowName":"Newman - Juice Shop Tests","executionId":"33","nodeType":"n8n-nodes-base.code","nodeName":"Json Newman","nodeId":"5235daad-32fd-4a2e-ace0-ca0816d8e4e3"}}
{"__type":"$$EventMessageConfirm","confirm":"15a4b186-6459-4008-b2ed-11b26959ba1b","ts":"2026-08-19T09:36:07.442+00:00","source":{"id":"0","name":"eventBus"}}
{"__type":"$$EventMessageNode","id":"009c9190-f742-4454-bf0b-13e2fe39678c","ts":"2026-08-19T09:36:07.443+00:00","eventName":"n8n.node.started","message":"n8n.node.started","payload":{"workflowId":"ipTQvEEvjb2UKSSr","workflowName":"Newman - Juice Shop Tests","executionId":"33","nodeType":"n8n-nodes-base.executeCommand","nodeName":"Execute Command  Cypress","nodeId":"73f65794-ee07-485a-8ce5-3c6e9b0f7188"}}
{"__type":"$$EventMessageConfirm","confirm":"009c9190-f742-4454-bf0b-13e2fe39678c","ts":"2026-08-19T09:36:07.443+00:00","source":{"id":"0","name":"eventBus"}}
{"__type":"$$EventMessageNode","id":"6b4e39c8-6a58-48eb-a899-91e3a8ee2487","ts":"2026-08-19T09:36:18.359+00:00","eventName":"n8n.node.finished","message":"n8n.node.finished","payload":{"workflowId":"ipTQvEEvjb2UKSSr","workflowName":"Newman - Juice Shop Tests","executionId":"33","nodeType":"n8n-nodes-base.executeCommand","nodeName":"Execute Command  Cypress","nodeId":"73f65794-ee07-485a-8ce5-3c6e9b0f7188"}}
{"__type":"$$EventMessageConfirm","confirm":"6b4e39c8-6a58-48eb-a899-91e3a8ee2487","ts":"2026-08-19T09:36:18.359+00:00","source":{"id":"0","name":"eventBus"}}
{"__type":"$$EventMessageNode","id":"2e4ab393-8e7c-4099-8820-ae0c6114906e","ts":"2026-08-19T09:36:18.361+00:00","eventName":"n8n.node.started","message":"n8n.node.started","payload":{"workflowId":"ipTQvEEvjb2UKSSr","workflowName":"Newman - Juice Shop Tests","executionId":"33","nodeType":"n8n-nodes-base.code","nodeName":"Json Cypress","nodeId":"3d8b6114-7f38-4884-a052-98f5310d054f"}}
{"__type":"$$EventMessageConfirm","confirm":"2e4ab393-8e7c-4099-8820-ae0c6114906e","ts":"2026-08-19T09:36:18.361+00:00","source":{"id":"0","name":"eventBus"}}
{"__type":"$$EventMessageRunner","id":"92627bd3-4dee-44da-ba35-065d917692c3","ts":"2026-08-19T09:36:18.364+00:00","eventName":"n8n.runner.task.requested","message":"n8n.runner.task.requested","payload":{"taskId":"KdAcArtV","nodeId":"3d8b6114-7f38-4884-a052-98f5310d054f","workflowId":"ipTQvEEvjb2UKSSr","executionId":"33"}}
{"__type":"$$EventMessageConfirm","confirm":"92627bd3-4dee-44da-ba35-065d917692c3","ts":"2026-08-19T09:36:18.364+00:00","source":{"id":"0","name":"eventBus"}}
{"__type":"$$EventMessageNode","id":"aa694fa7-61aa-4ac7-9a7b-3b00076fd596","ts":"2026-08-19T09:36:18.379+00:00","eventName":"n8n.node.finished","message":"n8n.node.finished","payload":{"workflowId":"ipTQvEEvjb2UKSSr","workflowName":"Newman - Juice Shop Tests","executionId":"33","nodeType":"n8n-nodes-base.code","nodeName":"Json Cypress","nodeId":"3d8b6114-7f38-4884-a052-98f5310d054f"}}
{"__type":"$$EventMessageConfirm","confirm":"aa694fa7-61aa-4ac7-9a7b-3b00076fd596","ts":"2026-08-19T09:36:18.379+00:00","source":{"id":"0","name":"eventBus"}}
{"__type":"$$EventMessageWorkflow","id":"be1d4058-ab93-4842-8aa7-04812ab603c6","ts":"2026-08-19T09:36:18.385+00:00","eventName":"n8n.workflow.failed","message":"n8n.workflow.failed","payload":{"userId":"2934ed8e-246f-40de-b9c4-3db63c015199","executionId":"33","success":false,"isManual":true,"mode":"manual","workflowId":"ipTQvEEvjb2UKSSr","workflowName":"Newman - Juice Shop Tests","projectId":"VRkJ3QtMy9NsT7G4","projectName":"project pfa <rojectpfa@outlook.com>","lastNodeExecuted":"Json Cypress","errorMessage":"Unexpected token 'I', \"It looks l\"... is not valid JSON [line 2]"}}
{"__type":"$$EventMessageConfirm","confirm":"be1d4058-ab93-4842-8aa7-04812ab603c6","ts":"2026-08-19T09:36:18.385+00:00","source":{"id":"0","name":"eventBus"}}
{"__type":"$$EventMessageAudit","id":"830b7e73-3bc0-4f03-ad0c-ce192647994e","ts":"2026-08-19T09:38:04.510+00:00","eventName":"n8n.audit.workflow.updated","message":"n8n.audit.workflow.updated","payload":{"userId":"2934ed8e-246f-40de-b9c4-3db63c015199","_email":"rojectpfa@outlook.com","_firstName":"project","_lastName":"pfa","globalRole":"global:owner","workflowId":"ipTQvEEvjb2UKSSr","workflowName":"Newman - Juice Shop Tests"}}
{"__type":"$$EventMessageConfirm","confirm":"830b7e73-3bc0-4f03-ad0c-ce192647994e","ts":"2026-08-19T09:38:04.510+00:00","source":{"id":"0","name":"eventBus"}}
{"__type":"$$EventMessageAudit","id":"b846f778-b6f9-474f-a554-bcf14c075649","ts":"2026-08-19T09:38:05.115+00:00","eventName":"n8n.audit.workflow.executed","message":"n8n.audit.workflow.executed","payload":{"userId":"2934ed8e-246f-40de-b9c4-3db63c015199","_email":"rojectpfa@outlook.com","_firstName":"project","_lastName":"pfa","globalRole":"global:owner","workflowId":"ipTQvEEvjb2UKSSr","workflowName":"Newman - Juice Shop Tests","executionId":"34","projectId":"VRkJ3QtMy9NsT7G4","projectName":"project pfa <rojectpfa@outlook.com>","source":"user-manual"}}
{"__type":"$$EventMessageConfirm","confirm":"b846f778-b6f9-474f-a554-bcf14c075649","ts":"2026-08-19T09:38:05.115+00:00","source":{"id":"0","name":"eventBus"}}
{"__type":"$$EventMessageWorkflow","id":"824f34b1-11a7-464c-b797-2f954ff7a5ae","ts":"2026-08-19T09:38:05.116+00:00","eventName":"n8n.workflow.started","message":"n8n.workflow.started","payload":{"executionId":"34","workflowId":"ipTQvEEvjb2UKSSr","isManual":false,"mode":"manual","workflowName":"Newman - Juice Shop Tests","projectId":"VRkJ3QtMy9NsT7G4","projectName":"project pfa <rojectpfa@outlook.com>"}}
{"__type":"$$EventMessageConfirm","confirm":"824f34b1-11a7-464c-b797-2f954ff7a5ae","ts":"2026-08-19T09:38:05.117+00:00","source":{"id":"0","name":"eventBus"}}
{"__type":"$$EventMessageNode","id":"fb3c28c6-fb9d-4fe8-9fbb-ecb860904695","ts":"2026-08-19T09:38:05.138+00:00","eventName":"n8n.node.started","message":"n8n.node.started","payload":{"workflowId":"ipTQvEEvjb2UKSSr","workflowName":"Newman - Juice Shop Tests","executionId":"34","nodeType":"n8n-nodes-base.executeCommand","nodeName":"Execute Command  Cypress","nodeId":"73f65794-ee07-485a-8ce5-3c6e9b0f7188"}}
{"__type":"$$EventMessageConfirm","confirm":"fb3c28c6-fb9d-4fe8-9fbb-ecb860904695","ts":"2026-08-19T09:38:05.138+00:00","source":{"id":"0","name":"eventBus"}}
{"__type":"$$EventMessageNode","id":"5d8f718c-4f12-440e-9fdd-f1f6e738d16c","ts":"2026-08-19T09:38:05.155+00:00","eventName":"n8n.node.finished","message":"n8n.node.finished","payload":{"workflowId":"ipTQvEEvjb2UKSSr","workflowName":"Newman - Juice Shop Tests","executionId":"34","nodeType":"n8n-nodes-base.executeCommand","nodeName":"Execute Command  Cypress","nodeId":"73f65794-ee07-485a-8ce5-3c6e9b0f7188"}}
{"__type":"$$EventMessageConfirm","confirm":"5d8f718c-4f12-440e-9fdd-f1f6e738d16c","ts":"2026-08-19T09:38:05.155+00:00","source":{"id":"0","name":"eventBus"}}
{"__type":"$$EventMessageWorkflow","id":"0ae081c7-0be6-41fe-b4d0-cc6f79c22527","ts":"2026-08-19T09:38:05.163+00:00","eventName":"n8n.workflow.success","message":"n8n.workflow.success","payload":{"userId":"2934ed8e-246f-40de-b9c4-3db63c015199","executionId":"34","success":true,"isManual":true,"mode":"manual","workflowId":"ipTQvEEvjb2UKSSr","workflowName":"Newman - Juice Shop Tests","projectId":"VRkJ3QtMy9NsT7G4","projectName":"project pfa <rojectpfa@outlook.com>"}}
{"__type":"$$EventMessageConfirm","confirm":"0ae081c7-0be6-41fe-b4d0-cc6f79c22527","ts":"2026-08-19T09:38:05.163+00:00","source":{"id":"0","name":"eventBus"}}
{"__type":"$$EventMessageAudit","id":"871c44a9-78c7-4879-b839-e5b6287640b6","ts":"2026-08-19T09:38:08.918+00:00","eventName":"n8n.audit.workflow.executed","message":"n8n.audit.workflow.executed","payload":{"userId":"2934ed8e-246f-40de-b9c4-3db63c015199","_email":"rojectpfa@outlook.com","_firstName":"project","_lastName":"pfa","globalRole":"global:owner","workflowId":"ipTQvEEvjb2UKSSr","workflowName":"Newman - Juice Shop Tests","executionId":"35","projectId":"VRkJ3QtMy9NsT7G4","projectName":"project pfa <rojectpfa@outlook.com>","source":"user-manual"}}
{"__type":"$$EventMessageConfirm","confirm":"871c44a9-78c7-4879-b839-e5b6287640b6","ts":"2026-08-19T09:38:08.919+00:00","source":{"id":"0","name":"eventBus"}}
{"__type":"$$EventMessageWorkflow","id":"0d98a71b-2915-4d0a-afba-71b0231e932f","ts":"2026-08-19T09:38:08.920+00:00","eventName":"n8n.workflow.started","message":"n8n.workflow.started","payload":{"executionId":"35","workflowId":"ipTQvEEvjb2UKSSr","isManual":false,"mode":"manual","workflowName":"Newman - Juice Shop Tests","projectId":"VRkJ3QtMy9NsT7G4","projectName":"project pfa <rojectpfa@outlook.com>"}}
{"__type":"$$EventMessageConfirm","confirm":"0d98a71b-2915-4d0a-afba-71b0231e932f","ts":"2026-08-19T09:38:08.920+00:00","source":{"id":"0","name":"eventBus"}}
{"__type":"$$EventMessageNode","id":"744c05c0-e3d4-4f5c-b458-7ef3dabb45c8","ts":"2026-08-19T09:38:08.932+00:00","eventName":"n8n.node.started","message":"n8n.node.started","payload":{"workflowId":"ipTQvEEvjb2UKSSr","workflowName":"Newman - Juice Shop Tests","executionId":"35","nodeType":"n8n-nodes-base.manualTrigger","nodeName":"When clicking ‘Execute workflow’","nodeId":"6f4bb230-c1c3-40b0-8281-c8e8d013185d"}}
{"__type":"$$EventMessageConfirm","confirm":"744c05c0-e3d4-4f5c-b458-7ef3dabb45c8","ts":"2026-08-19T09:38:08.932+00:00","source":{"id":"0","name":"eventBus"}}
{"__type":"$$EventMessageNode","id":"fd5e7f06-56e2-4984-967e-13cd6515bb77","ts":"2026-08-19T09:38:08.933+00:00","eventName":"n8n.node.finished","message":"n8n.node.finished","payload":{"workflowId":"ipTQvEEvjb2UKSSr","workflowName":"Newman - Juice Shop Tests","executionId":"35","nodeType":"n8n-nodes-base.manualTrigger","nodeName":"When clicking ‘Execute workflow’","nodeId":"6f4bb230-c1c3-40b0-8281-c8e8d013185d"}}
{"__type":"$$EventMessageConfirm","confirm":"fd5e7f06-56e2-4984-967e-13cd6515bb77","ts":"2026-08-19T09:38:08.933+00:00","source":{"id":"0","name":"eventBus"}}
{"__type":"$$EventMessageNode","id":"6504a0dd-3750-403e-b1de-279b4bc95765","ts":"2026-08-19T09:38:08.934+00:00","eventName":"n8n.node.started","message":"n8n.node.started","payload":{"workflowId":"ipTQvEEvjb2UKSSr","workflowName":"Newman - Juice Shop Tests","executionId":"35","nodeType":"n8n-nodes-base.executeCommand","nodeName":"Execute Command  Newman","nodeId":"0ccb398f-e181-437e-8304-1e6aec49aa9a"}}
{"__type":"$$EventMessageConfirm","confirm":"6504a0dd-3750-403e-b1de-279b4bc95765","ts":"2026-08-19T09:38:08.935+00:00","source":{"id":"0","name":"eventBus"}}
{"__type":"$$EventMessageNode","id":"f90877a5-6f74-4937-906b-1ae2b3e772f0","ts":"2026-08-19T09:38:08.953+00:00","eventName":"n8n.node.finished","message":"n8n.node.finished","payload":{"workflowId":"ipTQvEEvjb2UKSSr","workflowName":"Newman - Juice Shop Tests","executionId":"35","nodeType":"n8n-nodes-base.executeCommand","nodeName":"Execute Command  Newman","nodeId":"0ccb398f-e181-437e-8304-1e6aec49aa9a"}}
{"__type":"$$EventMessageConfirm","confirm":"f90877a5-6f74-4937-906b-1ae2b3e772f0","ts":"2026-08-19T09:38:08.953+00:00","source":{"id":"0","name":"eventBus"}}
{"__type":"$$EventMessageNode","id":"619974fb-0b08-41e1-a94f-c5f59ce8d44e","ts":"2026-08-19T09:38:08.958+00:00","eventName":"n8n.node.started","message":"n8n.node.started","payload":{"workflowId":"ipTQvEEvjb2UKSSr","workflowName":"Newman - Juice Shop Tests","executionId":"35","nodeType":"n8n-nodes-base.code","nodeName":"Json Newman","nodeId":"5235daad-32fd-4a2e-ace0-ca0816d8e4e3"}}
{"__type":"$$EventMessageConfirm","confirm":"619974fb-0b08-41e1-a94f-c5f59ce8d44e","ts":"2026-08-19T09:38:08.958+00:00","source":{"id":"0","name":"eventBus"}}
{"__type":"$$EventMessageRunner","id":"a8413901-019b-43e6-ba8b-181bd75af70f","ts":"2026-08-19T09:38:08.962+00:00","eventName":"n8n.runner.task.requested","message":"n8n.runner.task.requested","payload":{"taskId":"qUAesNW6","nodeId":"5235daad-32fd-4a2e-ace0-ca0816d8e4e3","workflowId":"ipTQvEEvjb2UKSSr","executionId":"35"}}
{"__type":"$$EventMessageConfirm","confirm":"a8413901-019b-43e6-ba8b-181bd75af70f","ts":"2026-08-19T09:38:08.962+00:00","source":{"id":"0","name":"eventBus"}}
{"__type":"$$EventMessageRunner","id":"c072975b-3b79-4019-9270-1e96be954b77","ts":"2026-08-19T09:38:08.976+00:00","eventName":"n8n.runner.response.received","message":"n8n.runner.response.received","payload":{"taskId":"qUAesNW6","nodeId":"5235daad-32fd-4a2e-ace0-ca0816d8e4e3","workflowId":"ipTQvEEvjb2UKSSr","executionId":"35"}}
{"__type":"$$EventMessageConfirm","confirm":"c072975b-3b79-4019-9270-1e96be954b77","ts":"2026-08-19T09:38:08.976+00:00","source":{"id":"0","name":"eventBus"}}
{"__type":"$$EventMessageNode","id":"f503ef68-7d55-4848-a4f6-f4c7c960708b","ts":"2026-08-19T09:38:08.976+00:00","eventName":"n8n.node.finished","message":"n8n.node.finished","payload":{"workflowId":"ipTQvEEvjb2UKSSr","workflowName":"Newman - Juice Shop Tests","executionId":"35","nodeType":"n8n-nodes-base.code","nodeName":"Json Newman","nodeId":"5235daad-32fd-4a2e-ace0-ca0816d8e4e3"}}
{"__type":"$$EventMessageConfirm","confirm":"f503ef68-7d55-4848-a4f6-f4c7c960708b","ts":"2026-08-19T09:38:08.976+00:00","source":{"id":"0","name":"eventBus"}}
{"__type":"$$EventMessageNode","id":"8feaaef7-f557-4bfd-86f7-1330455d6f27","ts":"2026-08-19T09:38:08.977+00:00","eventName":"n8n.node.started","message":"n8n.node.started","payload":{"workflowId":"ipTQvEEvjb2UKSSr","workflowName":"Newman - Juice Shop Tests","executionId":"35","nodeType":"n8n-nodes-base.executeCommand","nodeName":"Execute Command  Cypress","nodeId":"73f65794-ee07-485a-8ce5-3c6e9b0f7188"}}
{"__type":"$$EventMessageConfirm","confirm":"8feaaef7-f557-4bfd-86f7-1330455d6f27","ts":"2026-08-19T09:38:08.977+00:00","source":{"id":"0","name":"eventBus"}}
{"__type":"$$EventMessageNode","id":"4e98a4ce-a833-423d-932f-4e1d8f87b12d","ts":"2026-08-19T09:38:08.988+00:00","eventName":"n8n.node.finished","message":"n8n.node.finished","payload":{"workflowId":"ipTQvEEvjb2UKSSr","workflowName":"Newman - Juice Shop Tests","executionId":"35","nodeType":"n8n-nodes-base.executeCommand","nodeName":"Execute Command  Cypress","nodeId":"73f65794-ee07-485a-8ce5-3c6e9b0f7188"}}
{"__type":"$$EventMessageConfirm","confirm":"4e98a4ce-a833-423d-932f-4e1d8f87b12d","ts":"2026-08-19T09:38:08.988+00:00","source":{"id":"0","name":"eventBus"}}
{"__type":"$$EventMessageNode","id":"c788eff7-907d-4e8a-bb32-17dd59e06aaa","ts":"2026-08-19T09:38:08.989+00:00","eventName":"n8n.node.started","message":"n8n.node.started","payload":{"workflowId":"ipTQvEEvjb2UKSSr","workflowName":"Newman - Juice Shop Tests","executionId":"35","nodeType":"n8n-nodes-base.code","nodeName":"Json Cypress","nodeId":"3d8b6114-7f38-4884-a052-98f5310d054f"}}
{"__type":"$$EventMessageConfirm","confirm":"c788eff7-907d-4e8a-bb32-17dd59e06aaa","ts":"2026-08-19T09:38:08.989+00:00","source":{"id":"0","name":"eventBus"}}
{"__type":"$$EventMessageRunner","id":"8b09bbc8-a03c-46f9-9223-5a4d5b488ba7","ts":"2026-08-19T09:38:08.992+00:00","eventName":"n8n.runner.task.requested","message":"n8n.runner.task.requested","payload":{"taskId":"YrxPzpZD","nodeId":"3d8b6114-7f38-4884-a052-98f5310d054f","workflowId":"ipTQvEEvjb2UKSSr","executionId":"35"}}
{"__type":"$$EventMessageConfirm","confirm":"8b09bbc8-a03c-46f9-9223-5a4d5b488ba7","ts":"2026-08-19T09:38:08.992+00:00","source":{"id":"0","name":"eventBus"}}
{"__type":"$$EventMessageNode","id":"1e3a77f5-8794-4c79-b0f1-7576b4d3daa3","ts":"2026-08-19T09:38:09.008+00:00","eventName":"n8n.node.finished","message":"n8n.node.finished","payload":{"workflowId":"ipTQvEEvjb2UKSSr","workflowName":"Newman - Juice Shop Tests","executionId":"35","nodeType":"n8n-nodes-base.code","nodeName":"Json Cypress","nodeId":"3d8b6114-7f38-4884-a052-98f5310d054f"}}
{"__type":"$$EventMessageConfirm","confirm":"1e3a77f5-8794-4c79-b0f1-7576b4d3daa3","ts":"2026-08-19T09:38:09.008+00:00","source":{"id":"0","name":"eventBus"}}
{"__type":"$$EventMessageWorkflow","id":"c7d485cc-a25d-4d13-8330-39ea793c4c80","ts":"2026-08-19T09:38:09.013+00:00","eventName":"n8n.workflow.failed","message":"n8n.workflow.failed","payload":{"userId":"2934ed8e-246f-40de-b9c4-3db63c015199","executionId":"35","success":false,"isManual":true,"mode":"manual","workflowId":"ipTQvEEvjb2UKSSr","workflowName":"Newman - Juice Shop Tests","projectId":"VRkJ3QtMy9NsT7G4","projectName":"project pfa <rojectpfa@outlook.com>","lastNodeExecuted":"Json Cypress","errorMessage":"Unexpected end of JSON input [line 2]"}}
{"__type":"$$EventMessageConfirm","confirm":"c7d485cc-a25d-4d13-8330-39ea793c4c80","ts":"2026-08-19T09:38:09.014+00:00","source":{"id":"0","name":"eventBus"}}
{"__type":"$$EventMessageAudit","id":"1b928108-49df-4e77-9165-7d964408c427","ts":"2026-08-19T09:43:22.985+00:00","eventName":"n8n.audit.workflow.executed","message":"n8n.audit.workflow.executed","payload":{"userId":"2934ed8e-246f-40de-b9c4-3db63c015199","_email":"rojectpfa@outlook.com","_firstName":"project","_lastName":"pfa","globalRole":"global:owner","workflowId":"ipTQvEEvjb2UKSSr","workflowName":"Newman - Juice Shop Tests","executionId":"36","projectId":"VRkJ3QtMy9NsT7G4","projectName":"project pfa <rojectpfa@outlook.com>","source":"user-manual"}}
{"__type":"$$EventMessageConfirm","confirm":"1b928108-49df-4e77-9165-7d964408c427","ts":"2026-08-19T09:43:22.985+00:00","source":{"id":"0","name":"eventBus"}}
{"__type":"$$EventMessageWorkflow","id":"14e6d986-2d5b-480d-84c9-bffda3b566a8","ts":"2026-08-19T09:43:22.987+00:00","eventName":"n8n.workflow.started","message":"n8n.workflow.started","payload":{"executionId":"36","workflowId":"ipTQvEEvjb2UKSSr","isManual":false,"mode":"manual","workflowName":"Newman - Juice Shop Tests","projectId":"VRkJ3QtMy9NsT7G4","projectName":"project pfa <rojectpfa@outlook.com>"}}
{"__type":"$$EventMessageConfirm","confirm":"14e6d986-2d5b-480d-84c9-bffda3b566a8","ts":"2026-08-19T09:43:22.987+00:00","source":{"id":"0","name":"eventBus"}}
{"__type":"$$EventMessageNode","id":"f6671b70-40f0-42a8-a20d-9b85935e84ed","ts":"2026-08-19T09:43:22.997+00:00","eventName":"n8n.node.started","message":"n8n.node.started","payload":{"workflowId":"ipTQvEEvjb2UKSSr","workflowName":"Newman - Juice Shop Tests","executionId":"36","nodeType":"n8n-nodes-base.manualTrigger","nodeName":"When clicking ‘Execute workflow’","nodeId":"6f4bb230-c1c3-40b0-8281-c8e8d013185d"}}
{"__type":"$$EventMessageConfirm","confirm":"f6671b70-40f0-42a8-a20d-9b85935e84ed","ts":"2026-08-19T09:43:22.997+00:00","source":{"id":"0","name":"eventBus"}}
{"__type":"$$EventMessageNode","id":"7fc34794-5dbb-4854-a92f-ca166e262caa","ts":"2026-08-19T09:43:22.998+00:00","eventName":"n8n.node.finished","message":"n8n.node.finished","payload":{"workflowId":"ipTQvEEvjb2UKSSr","workflowName":"Newman - Juice Shop Tests","executionId":"36","nodeType":"n8n-nodes-base.manualTrigger","nodeName":"When clicking ‘Execute workflow’","nodeId":"6f4bb230-c1c3-40b0-8281-c8e8d013185d"}}
{"__type":"$$EventMessageConfirm","confirm":"7fc34794-5dbb-4854-a92f-ca166e262caa","ts":"2026-08-19T09:43:22.998+00:00","source":{"id":"0","name":"eventBus"}}
{"__type":"$$EventMessageNode","id":"c77a3433-31eb-41f0-9b45-728e69471c4d","ts":"2026-08-19T09:43:23.000+00:00","eventName":"n8n.node.started","message":"n8n.node.started","payload":{"workflowId":"ipTQvEEvjb2UKSSr","workflowName":"Newman - Juice Shop Tests","executionId":"36","nodeType":"n8n-nodes-base.executeCommand","nodeName":"Execute Command  Newman","nodeId":"0ccb398f-e181-437e-8304-1e6aec49aa9a"}}
{"__type":"$$EventMessageConfirm","confirm":"c77a3433-31eb-41f0-9b45-728e69471c4d","ts":"2026-08-19T09:43:23.000+00:00","source":{"id":"0","name":"eventBus"}}
{"__type":"$$EventMessageNode","id":"36714fdc-7e03-4f56-b0a4-8176e9868ea5","ts":"2026-08-19T09:43:23.017+00:00","eventName":"n8n.node.finished","message":"n8n.node.finished","payload":{"workflowId":"ipTQvEEvjb2UKSSr","workflowName":"Newman - Juice Shop Tests","executionId":"36","nodeType":"n8n-nodes-base.executeCommand","nodeName":"Execute Command  Newman","nodeId":"0ccb398f-e181-437e-8304-1e6aec49aa9a"}}
{"__type":"$$EventMessageConfirm","confirm":"36714fdc-7e03-4f56-b0a4-8176e9868ea5","ts":"2026-08-19T09:43:23.017+00:00","source":{"id":"0","name":"eventBus"}}
{"__type":"$$EventMessageNode","id":"923b5856-a4d8-4934-aa82-fa824d717b4b","ts":"2026-08-19T09:43:23.020+00:00","eventName":"n8n.node.started","message":"n8n.node.started","payload":{"workflowId":"ipTQvEEvjb2UKSSr","workflowName":"Newman - Juice Shop Tests","executionId":"36","nodeType":"n8n-nodes-base.code","nodeName":"Json Newman","nodeId":"5235daad-32fd-4a2e-ace0-ca0816d8e4e3"}}
{"__type":"$$EventMessageConfirm","confirm":"923b5856-a4d8-4934-aa82-fa824d717b4b","ts":"2026-08-19T09:43:23.020+00:00","source":{"id":"0","name":"eventBus"}}
{"__type":"$$EventMessageRunner","id":"97d4fa74-4312-4272-adff-ddc1dafd9c16","ts":"2026-08-19T09:43:23.022+00:00","eventName":"n8n.runner.task.requested","message":"n8n.runner.task.requested","payload":{"taskId":"-Hs-QQwh","nodeId":"5235daad-32fd-4a2e-ace0-ca0816d8e4e3","workflowId":"ipTQvEEvjb2UKSSr","executionId":"36"}}
{"__type":"$$EventMessageConfirm","confirm":"97d4fa74-4312-4272-adff-ddc1dafd9c16","ts":"2026-08-19T09:43:23.022+00:00","source":{"id":"0","name":"eventBus"}}
{"__type":"$$EventMessageRunner","id":"100aea78-a68b-488f-9e82-cef7f1ab2834","ts":"2026-08-19T09:43:23.034+00:00","eventName":"n8n.runner.response.received","message":"n8n.runner.response.received","payload":{"taskId":"-Hs-QQwh","nodeId":"5235daad-32fd-4a2e-ace0-ca0816d8e4e3","workflowId":"ipTQvEEvjb2UKSSr","executionId":"36"}}
{"__type":"$$EventMessageConfirm","confirm":"100aea78-a68b-488f-9e82-cef7f1ab2834","ts":"2026-08-19T09:43:23.034+00:00","source":{"id":"0","name":"eventBus"}}
{"__type":"$$EventMessageNode","id":"10b2a6d4-f472-4e2f-be49-1528dd07043e","ts":"2026-08-19T09:43:23.034+00:00","eventName":"n8n.node.finished","message":"n8n.node.finished","payload":{"workflowId":"ipTQvEEvjb2UKSSr","workflowName":"Newman - Juice Shop Tests","executionId":"36","nodeType":"n8n-nodes-base.code","nodeName":"Json Newman","nodeId":"5235daad-32fd-4a2e-ace0-ca0816d8e4e3"}}
{"__type":"$$EventMessageConfirm","confirm":"10b2a6d4-f472-4e2f-be49-1528dd07043e","ts":"2026-08-19T09:43:23.034+00:00","source":{"id":"0","name":"eventBus"}}
{"__type":"$$EventMessageNode","id":"570c6ec3-e25a-415c-8041-d90d33b1215f","ts":"2026-08-19T09:43:23.035+00:00","eventName":"n8n.node.started","message":"n8n.node.started","payload":{"workflowId":"ipTQvEEvjb2UKSSr","workflowName":"Newman - Juice Shop Tests","executionId":"36","nodeType":"n8n-nodes-base.executeCommand","nodeName":"Execute Command  Cypress","nodeId":"73f65794-ee07-485a-8ce5-3c6e9b0f7188"}}
{"__type":"$$EventMessageConfirm","confirm":"570c6ec3-e25a-415c-8041-d90d33b1215f","ts":"2026-08-19T09:43:23.035+00:00","source":{"id":"0","name":"eventBus"}}
{"__type":"$$EventMessageNode","id":"9cfb0d59-4eca-46f2-bb6e-ffe00b689627","ts":"2026-08-19T09:43:23.046+00:00","eventName":"n8n.node.finished","message":"n8n.node.finished","payload":{"workflowId":"ipTQvEEvjb2UKSSr","workflowName":"Newman - Juice Shop Tests","executionId":"36","nodeType":"n8n-nodes-base.executeCommand","nodeName":"Execute Command  Cypress","nodeId":"73f65794-ee07-485a-8ce5-3c6e9b0f7188"}}
{"__type":"$$EventMessageConfirm","confirm":"9cfb0d59-4eca-46f2-bb6e-ffe00b689627","ts":"2026-08-19T09:43:23.046+00:00","source":{"id":"0","name":"eventBus"}}
{"__type":"$$EventMessageNode","id":"10e7d904-504d-4246-b698-2bf38cdbd9eb","ts":"2026-08-19T09:43:23.047+00:00","eventName":"n8n.node.started","message":"n8n.node.started","payload":{"workflowId":"ipTQvEEvjb2UKSSr","workflowName":"Newman - Juice Shop Tests","executionId":"36","nodeType":"n8n-nodes-base.code","nodeName":"Json Cypress","nodeId":"3d8b6114-7f38-4884-a052-98f5310d054f"}}
{"__type":"$$EventMessageConfirm","confirm":"10e7d904-504d-4246-b698-2bf38cdbd9eb","ts":"2026-08-19T09:43:23.047+00:00","source":{"id":"0","name":"eventBus"}}
{"__type":"$$EventMessageRunner","id":"543b3fa0-9157-407d-b896-4dd38705a3a2","ts":"2026-08-19T09:43:23.050+00:00","eventName":"n8n.runner.task.requested","message":"n8n.runner.task.requested","payload":{"taskId":"sYInXILY","nodeId":"3d8b6114-7f38-4884-a052-98f5310d054f","workflowId":"ipTQvEEvjb2UKSSr","executionId":"36"}}
{"__type":"$$EventMessageConfirm","confirm":"543b3fa0-9157-407d-b896-4dd38705a3a2","ts":"2026-08-19T09:43:23.050+00:00","source":{"id":"0","name":"eventBus"}}
{"__type":"$$EventMessageRunner","id":"af6fa98f-b5dc-48fb-93f1-e5d15d4f7493","ts":"2026-08-19T09:43:23.056+00:00","eventName":"n8n.runner.response.received","message":"n8n.runner.response.received","payload":{"taskId":"sYInXILY","nodeId":"3d8b6114-7f38-4884-a052-98f5310d054f","workflowId":"ipTQvEEvjb2UKSSr","executionId":"36"}}
{"__type":"$$EventMessageConfirm","confirm":"af6fa98f-b5dc-48fb-93f1-e5d15d4f7493","ts":"2026-08-19T09:43:23.057+00:00","source":{"id":"0","name":"eventBus"}}
{"__type":"$$EventMessageNode","id":"447d3c35-6041-4f18-b46d-9e1d8895aec0","ts":"2026-08-19T09:43:23.057+00:00","eventName":"n8n.node.finished","message":"n8n.node.finished","payload":{"workflowId":"ipTQvEEvjb2UKSSr","workflowName":"Newman - Juice Shop Tests","executionId":"36","nodeType":"n8n-nodes-base.code","nodeName":"Json Cypress","nodeId":"3d8b6114-7f38-4884-a052-98f5310d054f"}}
{"__type":"$$EventMessageConfirm","confirm":"447d3c35-6041-4f18-b46d-9e1d8895aec0","ts":"2026-08-19T09:43:23.057+00:00","source":{"id":"0","name":"eventBus"}}
{"__type":"$$EventMessageNode","id":"de374ca0-1c90-4695-a247-0ba5049f4e78","ts":"2026-08-19T09:43:23.057+00:00","eventName":"n8n.node.started","message":"n8n.node.started","payload":{"workflowId":"ipTQvEEvjb2UKSSr","workflowName":"Newman - Juice Shop Tests","executionId":"36","nodeType":"n8n-nodes-base.code","nodeName":"Results echec JSON","nodeId":"3e0fd6e7-cdbc-4098-a1a7-b09daa56b9fc"}}
{"__type":"$$EventMessageConfirm","confirm":"de374ca0-1c90-4695-a247-0ba5049f4e78","ts":"2026-08-19T09:43:23.057+00:00","source":{"id":"0","name":"eventBus"}}
{"__type":"$$EventMessageRunner","id":"289997f4-298c-4582-9a6e-1fa6cca1ab30","ts":"2026-08-19T09:43:23.059+00:00","eventName":"n8n.runner.task.requested","message":"n8n.runner.task.requested","payload":{"taskId":"hY9dFniN","nodeId":"3e0fd6e7-cdbc-4098-a1a7-b09daa56b9fc","workflowId":"ipTQvEEvjb2UKSSr","executionId":"36"}}
{"__type":"$$EventMessageConfirm","confirm":"289997f4-298c-4582-9a6e-1fa6cca1ab30","ts":"2026-08-19T09:43:23.059+00:00","source":{"id":"0","name":"eventBus"}}
{"__type":"$$EventMessageRunner","id":"32bb89f3-0143-435d-8340-65de742e3003","ts":"2026-08-19T09:43:23.069+00:00","eventName":"n8n.runner.response.received","message":"n8n.runner.response.received","payload":{"taskId":"hY9dFniN","nodeId":"3e0fd6e7-cdbc-4098-a1a7-b09daa56b9fc","workflowId":"ipTQvEEvjb2UKSSr","executionId":"36"}}
{"__type":"$$EventMessageConfirm","confirm":"32bb89f3-0143-435d-8340-65de742e3003","ts":"2026-08-19T09:43:23.069+00:00","source":{"id":"0","name":"eventBus"}}
{"__type":"$$EventMessageNode","id":"7b0d7ecc-9924-428b-9147-005c80c49648","ts":"2026-08-19T09:43:23.069+00:00","eventName":"n8n.node.finished","message":"n8n.node.finished","payload":{"workflowId":"ipTQvEEvjb2UKSSr","workflowName":"Newman - Juice Shop Tests","executionId":"36","nodeType":"n8n-nodes-base.code","nodeName":"Results echec JSON","nodeId":"3e0fd6e7-cdbc-4098-a1a7-b09daa56b9fc"}}
{"__type":"$$EventMessageConfirm","confirm":"7b0d7ecc-9924-428b-9147-005c80c49648","ts":"2026-08-19T09:43:23.069+00:00","source":{"id":"0","name":"eventBus"}}
{"__type":"$$EventMessageNode","id":"49fe2717-c330-43b9-8584-beac3bc74b59","ts":"2026-08-19T09:43:23.070+00:00","eventName":"n8n.node.started","message":"n8n.node.started","payload":{"workflowId":"ipTQvEEvjb2UKSSr","workflowName":"Newman - Juice Shop Tests","executionId":"36","nodeType":"n8n-nodes-base.if","nodeName":"If","nodeId":"f8efa516-b7dd-4c68-8d3a-c1411819c13f"}}
{"__type":"$$EventMessageConfirm","confirm":"49fe2717-c330-43b9-8584-beac3bc74b59","ts":"2026-08-19T09:43:23.070+00:00","source":{"id":"0","name":"eventBus"}}
{"__type":"$$EventMessageNode","id":"d140d310-bd6b-4653-8170-cacf9bf0b083","ts":"2026-08-19T10:43:23.122+01:00","eventName":"n8n.node.finished","message":"n8n.node.finished","payload":{"workflowId":"ipTQvEEvjb2UKSSr","workflowName":"Newman - Juice Shop Tests","executionId":"36","nodeType":"n8n-nodes-base.if","nodeName":"If","nodeId":"f8efa516-b7dd-4c68-8d3a-c1411819c13f"}}
{"__type":"$$EventMessageConfirm","confirm":"d140d310-bd6b-4653-8170-cacf9bf0b083","ts":"2026-08-19T10:43:23.122+01:00","source":{"id":"0","name":"eventBus"}}
{"__type":"$$EventMessageNode","id":"33e33737-c2d0-4ea6-ac90-69a5ab977f5b","ts":"2026-08-19T10:43:23.124+01:00","eventName":"n8n.node.started","message":"n8n.node.started","payload":{"workflowId":"ipTQvEEvjb2UKSSr","workflowName":"Newman - Juice Shop Tests","executionId":"36","nodeType":"n8n-nodes-base.postgres","nodeName":"Insert rows in a table1","nodeId":"54d24efb-d528-4352-b578-0ca0656f3632"}}
{"__type":"$$EventMessageConfirm","confirm":"33e33737-c2d0-4ea6-ac90-69a5ab977f5b","ts":"2026-08-19T10:43:23.124+01:00","source":{"id":"0","name":"eventBus"}}
{"__type":"$$EventMessageNode","id":"36308659-d249-45ea-95f0-1de2af2b8f34","ts":"2026-08-19T10:43:23.296+01:00","eventName":"n8n.node.finished","message":"n8n.node.finished","payload":{"workflowId":"ipTQvEEvjb2UKSSr","workflowName":"Newman - Juice Shop Tests","executionId":"36","nodeType":"n8n-nodes-base.postgres","nodeName":"Insert rows in a table1","nodeId":"54d24efb-d528-4352-b578-0ca0656f3632"}}
{"__type":"$$EventMessageConfirm","confirm":"36308659-d249-45ea-95f0-1de2af2b8f34","ts":"2026-08-19T10:43:23.296+01:00","source":{"id":"0","name":"eventBus"}}
{"__type":"$$EventMessageNode","id":"a64203be-fd75-44b9-a46e-b7c62547c8bb","ts":"2026-08-19T10:43:23.297+01:00","eventName":"n8n.node.started","message":"n8n.node.started","payload":{"workflowId":"ipTQvEEvjb2UKSSr","workflowName":"Newman - Juice Shop Tests","executionId":"36","nodeType":"n8n-nodes-base.discord","nodeName":"Discord1","nodeId":"04a42de8-0eb4-4753-a448-bb7c7dbdddcd"}}
{"__type":"$$EventMessageConfirm","confirm":"a64203be-fd75-44b9-a46e-b7c62547c8bb","ts":"2026-08-19T10:43:23.297+01:00","source":{"id":"0","name":"eventBus"}}
{"__type":"$$EventMessageNode","id":"72063d2e-e2b8-4250-aef7-8c974d372998","ts":"2026-08-19T10:43:23.733+01:00","eventName":"n8n.node.finished","message":"n8n.node.finished","payload":{"workflowId":"ipTQvEEvjb2UKSSr","workflowName":"Newman - Juice Shop Tests","executionId":"36","nodeType":"n8n-nodes-base.discord","nodeName":"Discord1","nodeId":"04a42de8-0eb4-4753-a448-bb7c7dbdddcd"}}
{"__type":"$$EventMessageConfirm","confirm":"72063d2e-e2b8-4250-aef7-8c974d372998","ts":"2026-08-19T10:43:23.733+01:00","source":{"id":"0","name":"eventBus"}}
{"__type":"$$EventMessageWorkflow","id":"617a84b1-e135-4aac-aa13-96a34251eeba","ts":"2026-08-19T10:43:23.738+01:00","eventName":"n8n.workflow.success","message":"n8n.workflow.success","payload":{"userId":"2934ed8e-246f-40de-b9c4-3db63c015199","executionId":"36","success":true,"isManual":true,"mode":"manual","workflowId":"ipTQvEEvjb2UKSSr","workflowName":"Newman - Juice Shop Tests","projectId":"VRkJ3QtMy9NsT7G4","projectName":"project pfa <rojectpfa@outlook.com>"}}
{"__type":"$$EventMessageConfirm","confirm":"617a84b1-e135-4aac-aa13-96a34251eeba","ts":"2026-08-19T10:43:23.738+01:00","source":{"id":"0","name":"eventBus"}}
